Archive member included to satisfy reference by file (symbol)

c:/st/stm32cubeide/stm32cubeide/plugins/com.st.stm32cube.ide.mcu.externaltools.gnu-tools-for-stm32.9-2020-q2-update.win32_2.0.0.202105311346/tools/bin/../lib/gcc/arm-none-eabi/9.3.1/../../../../arm-none-eabi/lib/thumb/v7e-m+fp/hard\libstdc++_nano.a(del_ops.o)
                              ./Core/Src/LCD.o (operator delete(void*, unsigned int))
c:/st/stm32cubeide/stm32cubeide/plugins/com.st.stm32cube.ide.mcu.externaltools.gnu-tools-for-stm32.9-2020-q2-update.win32_2.0.0.202105311346/tools/bin/../lib/gcc/arm-none-eabi/9.3.1/../../../../arm-none-eabi/lib/thumb/v7e-m+fp/hard\libstdc++_nano.a(del_op.o)
                              c:/st/stm32cubeide/stm32cubeide/plugins/com.st.stm32cube.ide.mcu.externaltools.gnu-tools-for-stm32.9-2020-q2-update.win32_2.0.0.202105311346/tools/bin/../lib/gcc/arm-none-eabi/9.3.1/../../../../arm-none-eabi/lib/thumb/v7e-m+fp/hard\libstdc++_nano.a(del_ops.o) (operator delete(void*))
c:/st/stm32cubeide/stm32cubeide/plugins/com.st.stm32cube.ide.mcu.externaltools.gnu-tools-for-stm32.9-2020-q2-update.win32_2.0.0.202105311346/tools/bin/../lib/gcc/arm-none-eabi/9.3.1/../../../../arm-none-eabi/lib/thumb/v7e-m+fp/hard\libc_nano.a(lib_a-errno.o)
                              ./Core/Src/syscalls.o (__errno)
c:/st/stm32cubeide/stm32cubeide/plugins/com.st.stm32cube.ide.mcu.externaltools.gnu-tools-for-stm32.9-2020-q2-update.win32_2.0.0.202105311346/tools/bin/../lib/gcc/arm-none-eabi/9.3.1/../../../../arm-none-eabi/lib/thumb/v7e-m+fp/hard\libc_nano.a(lib_a-exit.o)
                              c:/st/stm32cubeide/stm32cubeide/plugins/com.st.stm32cube.ide.mcu.externaltools.gnu-tools-for-stm32.9-2020-q2-update.win32_2.0.0.202105311346/tools/bin/../lib/gcc/arm-none-eabi/9.3.1/../../../../arm-none-eabi/lib/thumb/v7e-m+fp/hard/crt0.o (exit)
c:/st/stm32cubeide/stm32cubeide/plugins/com.st.stm32cube.ide.mcu.externaltools.gnu-tools-for-stm32.9-2020-q2-update.win32_2.0.0.202105311346/tools/bin/../lib/gcc/arm-none-eabi/9.3.1/../../../../arm-none-eabi/lib/thumb/v7e-m+fp/hard\libc_nano.a(lib_a-findfp.o)
                              ./Middlewares/Third_Party/FreeRTOS/Source/tasks.o (__sf_fake_stderr)
c:/st/stm32cubeide/stm32cubeide/plugins/com.st.stm32cube.ide.mcu.externaltools.gnu-tools-for-stm32.9-2020-q2-update.win32_2.0.0.202105311346/tools/bin/../lib/gcc/arm-none-eabi/9.3.1/../../../../arm-none-eabi/lib/thumb/v7e-m+fp/hard\libc_nano.a(lib_a-fwalk.o)
                              c:/st/stm32cubeide/stm32cubeide/plugins/com.st.stm32cube.ide.mcu.externaltools.gnu-tools-for-stm32.9-2020-q2-update.win32_2.0.0.202105311346/tools/bin/../lib/gcc/arm-none-eabi/9.3.1/../../../../arm-none-eabi/lib/thumb/v7e-m+fp/hard\libc_nano.a(lib_a-findfp.o) (_fwalk)
c:/st/stm32cubeide/stm32cubeide/plugins/com.st.stm32cube.ide.mcu.externaltools.gnu-tools-for-stm32.9-2020-q2-update.win32_2.0.0.202105311346/tools/bin/../lib/gcc/arm-none-eabi/9.3.1/../../../../arm-none-eabi/lib/thumb/v7e-m+fp/hard\libc_nano.a(lib_a-impure.o)
                              c:/st/stm32cubeide/stm32cubeide/plugins/com.st.stm32cube.ide.mcu.externaltools.gnu-tools-for-stm32.9-2020-q2-update.win32_2.0.0.202105311346/tools/bin/../lib/gcc/arm-none-eabi/9.3.1/../../../../arm-none-eabi/lib/thumb/v7e-m+fp/hard\libc_nano.a(lib_a-exit.o) (_global_impure_ptr)
c:/st/stm32cubeide/stm32cubeide/plugins/com.st.stm32cube.ide.mcu.externaltools.gnu-tools-for-stm32.9-2020-q2-update.win32_2.0.0.202105311346/tools/bin/../lib/gcc/arm-none-eabi/9.3.1/../../../../arm-none-eabi/lib/thumb/v7e-m+fp/hard\libc_nano.a(lib_a-init.o)
                              c:/st/stm32cubeide/stm32cubeide/plugins/com.st.stm32cube.ide.mcu.externaltools.gnu-tools-for-stm32.9-2020-q2-update.win32_2.0.0.202105311346/tools/bin/../lib/gcc/arm-none-eabi/9.3.1/../../../../arm-none-eabi/lib/thumb/v7e-m+fp/hard/crt0.o (__libc_init_array)
c:/st/stm32cubeide/stm32cubeide/plugins/com.st.stm32cube.ide.mcu.externaltools.gnu-tools-for-stm32.9-2020-q2-update.win32_2.0.0.202105311346/tools/bin/../lib/gcc/arm-none-eabi/9.3.1/../../../../arm-none-eabi/lib/thumb/v7e-m+fp/hard\libc_nano.a(lib_a-lock.o)
                              c:/st/stm32cubeide/stm32cubeide/plugins/com.st.stm32cube.ide.mcu.externaltools.gnu-tools-for-stm32.9-2020-q2-update.win32_2.0.0.202105311346/tools/bin/../lib/gcc/arm-none-eabi/9.3.1/../../../../arm-none-eabi/lib/thumb/v7e-m+fp/hard\libc_nano.a(lib_a-findfp.o) (__retarget_lock_init_recursive)
c:/st/stm32cubeide/stm32cubeide/plugins/com.st.stm32cube.ide.mcu.externaltools.gnu-tools-for-stm32.9-2020-q2-update.win32_2.0.0.202105311346/tools/bin/../lib/gcc/arm-none-eabi/9.3.1/../../../../arm-none-eabi/lib/thumb/v7e-m+fp/hard\libc_nano.a(lib_a-malloc.o)
[...]
Memory Configuration

Name             Origin             Length             Attributes
RAM              0x0000000020000000 0x0000000000008000 xrw
FLASH            0x0000000008000000 0x0000000000020000 xr
*default*        0x0000000000000000 0xffffffffffffffff

Linker script and memory map

LOAD c:/st/stm32cubeide/stm32cubeide/plugins/com.st.stm32cube.ide.mcu.externaltools.gnu-tools-for-stm32.9-2020-q2-update.win32_2.0.0.202105311346/tools/bin/../lib/gcc/arm-none-eabi/9.3.1/thumb/v7e-m+fp/hard/crti.o
LOAD c:/st/stm32cubeide/stm32cubeide/plugins/com.st.stm32cube.ide.mcu.externaltools.gnu-tools-for-stm32.9-2020-q2-update.win32_2.0.0.202105311346/tools/bin/../lib/gcc/arm-none-eabi/9.3.1/thumb/v7e-m+fp/hard/crtbegin.o
LOAD c:/st/stm32cubeide/stm32cubeide/plugins/com.st.stm32cube.ide.mcu.externaltools.gnu-tools-for-stm32.9-2020-q2-update.win32_2.0.0.202105311346/tools/bin/../lib/gcc/arm-none-eabi/9.3.1/../../../../arm-none-eabi/lib/thumb/v7e-m+fp/hard/crt0.o
LOAD ./Core/Src/LCD.o
LOAD ./Core/Src/app_freertos.o
LOAD ./Core/Src/drv2605.o
LOAD ./Core/Src/main.o
LOAD ./Core/Src/stm32g4xx_hal_msp.o
LOAD ./Core/Src/stm32g4xx_hal_timebase_tim.o
LOAD ./Core/Src/stm32g4xx_it.o
LOAD ./Core/Src/syscalls.o
LOAD ./Core/Src/sysmem.o
LOAD ./Core/Src/system_stm32g4xx.o
LOAD ./Core/Startup/startup_stm32g431kbtx.o
LOAD ./Drivers/STM32G4xx_HAL_Driver/Src/stm32g4xx_hal.o
LOAD ./Drivers/STM32G4xx_HAL_Driver/Src/stm32g4xx_hal_cortex.o
LOAD ./Drivers/STM32G4xx_HAL_Driver/Src/stm32g4xx_hal_dma.o
LOAD ./Drivers/STM32G4xx_HAL_Driver/Src/stm32g4xx_hal_dma_ex.o
LOAD ./Drivers/STM32G4xx_HAL_Driver/Src/stm32g4xx_hal_exti.o
LOAD ./Drivers/STM32G4xx_HAL_Driver/Src/stm32g4xx_hal_flash.o
LOAD ./Drivers/STM32G4xx_HAL_Driver/Src/stm32g4xx_hal_flash_ex.o
LOAD ./Drivers/STM32G4xx_HAL_Driver/Src/stm32g4xx_hal_flash_ramfunc.o
LOAD ./Drivers/STM32G4xx_HAL_Driver/Src/stm32g4xx_hal_gpio.o
LOAD ./Drivers/STM32G4xx_HAL_Driver/Src/stm32g4xx_hal_i2c.o
LOAD ./Drivers/STM32G4xx_HAL_Driver/Src/stm32g4xx_hal_i2c_ex.o
LOAD ./Drivers/STM32G4xx_HAL_Driver/Src/stm32g4xx_hal_pwr.o
LOAD ./Drivers/STM32G4xx_HAL_Driver/Src/stm32g4xx_hal_pwr_ex.o
LOAD ./Drivers/STM32G4xx_HAL_Driver/Src/stm32g4xx_hal_rcc.o
LOAD ./Drivers/STM32G4xx_HAL_Driver/Src/stm32g4xx_hal_rcc_ex.o
LOAD ./Drivers/STM32G4xx_HAL_Driver/Src/stm32g4xx_hal_tim.o
LOAD ./Drivers/STM32G4xx_HAL_Driver/Src/stm32g4xx_hal_tim_ex.o
LOAD ./Drivers/STM32G4xx_HAL_Driver/Src/stm32g4xx_hal_uart.o
LOAD ./Drivers/STM32G4xx_HAL_Driver/Src/stm32g4xx_hal_uart_ex.o
LOAD ./Middlewares/Third_Party/FreeRTOS/Source/CMSIS_RTOS_V2/cmsis_os2.o
LOAD ./Middlewares/Third_Party/FreeRTOS/Source/croutine.o
LOAD ./Middlewares/Third_Party/FreeRTOS/Source/event_groups.o
LOAD ./Middlewares/Third_Party/FreeRTOS/Source/list.o
LOAD ./Middlewares/Third_Party/FreeRTOS/Source/queue.o
LOAD ./Middlewares/Third_Party/FreeRTOS/Source/stream_buffer.o
LOAD ./Middlewares/Third_Party/FreeRTOS/Source/tasks.o
LOAD ./Middlewares/Third_Party/FreeRTOS/Source/timers.o
LOAD ./Middlewares/Third_Party/FreeRTOS/Source/portable/GCC/ARM_CM4F/port.o
LOAD ./Middlewares/Third_Party/FreeRTOS/Source/portable/MemMang/heap_4.o
START GROUP
LOAD c:/st/stm32cubeide/stm32cubeide/plugins/com.st.stm32cube.ide.mcu.externaltools.gnu-tools-for-stm32.9-2020-q2-update.win32_2.0.0.202105311346/tools/bin/../lib/gcc/arm-none-eabi/9.3.1/../../../../arm-none-eabi/lib/thumb/v7e-m+fp/hard\libstdc++_nano.a
LOAD c:/st/stm32cubeide/stm32cubeide/plugins/com.st.stm32cube.ide.mcu.externaltools.gnu-tools-for-stm32.9-2020-q2-update.win32_2.0.0.202105311346/tools/bin/../lib/gcc/arm-none-eabi/9.3.1/../../../../arm-none-eabi/lib/thumb/v7e-m+fp/hard\libsupc++_nano.a
END GROUP
LOAD c:/st/stm32cubeide/stm32cubeide/plugins/com.st.stm32cube.ide.mcu.externaltools.gnu-tools-for-stm32.9-2020-q2-update.win32_2.0.0.202105311346/tools/bin/../lib/gcc/arm-none-eabi/9.3.1/../../../../arm-none-eabi/lib/thumb/v7e-m+fp/hard\libstdc++_nano.a
LOAD c:/st/stm32cubeide/stm32cubeide/plugins/com.st.stm32cube.ide.mcu.externaltools.gnu-tools-for-stm32.9-2020-q2-update.win32_2.0.0.202105311346/tools/bin/../lib/gcc/arm-none-eabi/9.3.1/../../../../arm-none-eabi/lib/thumb/v7e-m+fp/hard\libm.a
LOAD c:/st/stm32cubeide/stm32cubeide/plugins/com.st.stm32cube.ide.mcu.externaltools.gnu-tools-for-stm32.9-2020-q2-update.win32_2.0.0.202105311346/tools/bin/../lib/gcc/arm-none-eabi/9.3.1/../../../../arm-none-eabi/lib/thumb/v7e-m+fp/hard\libc_nano.a
START GROUP
LOAD c:/st/stm32cubeide/stm32cubeide/plugins/com.st.stm32cube.ide.mcu.externaltools.gnu-tools-for-stm32.9-2020-q2-update.win32_2.0.0.202105311346/tools/bin/../lib/gcc/arm-none-eabi/9.3.1/thumb/v7e-m+fp/hard\libgcc.a
LOAD c:/st/stm32cubeide/stm32cubeide/plugins/com.st.stm32cube.ide.mcu.externaltools.gnu-tools-for-stm32.9-2020-q2-update.win32_2.0.0.202105311346/tools/bin/../lib/gcc/arm-none-eabi/9.3.1/../../../../arm-none-eabi/lib/thumb/v7e-m+fp/hard\libc_nano.a
END GROUP
START GROUP
LOAD c:/st/stm32cubeide/stm32cubeide/plugins/com.st.stm32cube.ide.mcu.externaltools.gnu-tools-for-stm32.9-2020-q2-update.win32_2.0.0.202105311346/tools/bin/../lib/gcc/arm-none-eabi/9.3.1/thumb/v7e-m+fp/hard\libgcc.a
LOAD c:/st/stm32cubeide/stm32cubeide/plugins/com.st.stm32cube.ide.mcu.externaltools.gnu-tools-for-stm32.9-2020-q2-update.win32_2.0.0.202105311346/tools/bin/../lib/gcc/arm-none-eabi/9.3.1/../../../../arm-none-eabi/lib/thumb/v7e-m+fp/hard\libc_nano.a
LOAD c:/st/stm32cubeide/stm32cubeide/plugins/com.st.stm32cube.ide.mcu.externaltools.gnu-tools-for-stm32.9-2020-q2-update.win32_2.0.0.202105311346/tools/bin/../lib/gcc/arm-none-eabi/9.3.1/../../../../arm-none-eabi/lib/thumb/v7e-m+fp/hard\libnosys.a
END GROUP
START GROUP
LOAD c:/st/stm32cubeide/stm32cubeide/plugins/com.st.stm32cube.ide.mcu.externaltools.gnu-tools-for-stm32.9-2020-q2-update.win32_2.0.0.202105311346/tools/bin/../lib/gcc/arm-none-eabi/9.3.1/thumb/v7e-m+fp/hard\libgcc.a
LOAD c:/st/stm32cubeide/stm32cubeide/plugins/com.st.stm32cube.ide.mcu.externaltools.gnu-tools-for-stm32.9-2020-q2-update.win32_2.0.0.202105311346/tools/bin/../lib/gcc/arm-none-eabi/9.3.1/../../../../arm-none-eabi/lib/thumb/v7e-m+fp/hard\libc_nano.a
LOAD c:/st/stm32cubeide/stm32cubeide/plugins/com.st.stm32cube.ide.mcu.externaltools.gnu-tools-for-stm32.9-2020-q2-update.win32_2.0.0.202105311346/tools/bin/../lib/gcc/arm-none-eabi/9.3.1/../../../../arm-none-eabi/lib/thumb/v7e-m+fp/hard\libnosys.a
END GROUP
LOAD c:/st/stm32cubeide/stm32cubeide/plugins/com.st.stm32cube.ide.mcu.externaltools.gnu-tools-for-stm32.9-2020-q2-update.win32_2.0.0.202105311346/tools/bin/../lib/gcc/arm-none-eabi/9.3.1/thumb/v7e-m+fp/hard/crtend.o
LOAD c:/st/stm32cubeide/stm32cubeide/plugins/com.st.stm32cube.ide.mcu.externaltools.gnu-tools-for-stm32.9-2020-q2-update.win32_2.0.0.202105311346/tools/bin/../lib/gcc/arm-none-eabi/9.3.1/thumb/v7e-m+fp/hard/crtn.o
                0x0000000020008000                _estack = (ORIGIN (RAM) + LENGTH (RAM))
                0x0000000000000200                _Min_Heap_Size = 0x200
                0x0000000000000400                _Min_Stack_Size = 0x400

.isr_vector     0x0000000008000000      0x1d8
                0x0000000008000000                . = ALIGN (0x4)
 *(.isr_vector)
 .isr_vector    0x0000000008000000      0x1d8 ./Core/Startup/startup_stm32g431kbtx.o
                0x0000000008000000                g_pfnVectors
                0x00000000080001d8                . = ALIGN (0x4)

.text           0x00000000080001e0     0xbc4c
                0x00000000080001e0                . = ALIGN (0x4)
 *(.text)
 .text          0x00000000080001e0       0x40 c:/st/stm32cubeide/stm32cubeide/plugins/com.st.stm32cube.ide.mcu.externaltools.gnu-tools-for-stm32.9-2020-q2-update.win32_2.0.0.202105311346/tools/bin/../lib/gcc/arm-none-eabi/9.3.1/thumb/v7e-m+fp/hard/crtbegin.o
 .text          0x0000000008000220       0x30 c:/st/stm32cubeide/stm32cubeide/plugins/com.st.stm32cube.ide.mcu.externaltools.gnu-tools-for-stm32.9-2020-q2-update.win32_2.0.0.202105311346/tools/bin/../lib/gcc/arm-none-eabi/9.3.1/thumb/v7e-m+fp/hard\libgcc.a(_aeabi_uldivmod.o)
                0x0000000008000220                __aeabi_uldivmod
 .text          0x0000000008000250      0x2c4 c:/st/stm32cubeide/stm32cubeide/plugins/com.st.stm32cube.ide.mcu.externaltools.gnu-tools-for-stm32.9-2020-q2-update.win32_2.0.0.202105311346/tools/bin/../lib/gcc/arm-none-eabi/9.3.1/thumb/v7e-m+fp/hard\libgcc.a(_udivmoddi4.o)
                0x0000000008000250                __udivmoddi4
 .text          0x0000000008000514        0x4 c:/st/stm32cubeide/stm32cubeide/plugins/com.st.stm32cube.ide.mcu.externaltools.gnu-tools-for-stm32.9-2020-q2-update.win32_2.0.0.202105311346/tools/bin/../lib/gcc/arm-none-eabi/9.3.1/thumb/v7e-m+fp/hard\libgcc.a(_dvmd_tls.o)
                0x0000000008000514                __aeabi_idiv0
                0x0000000008000514                __aeabi_ldiv0
 *(.text*)
 .text._ZN3LCD8Delay_msEh
                0x0000000008000518       0x1a ./Core/Src/LCD.o
                0x0000000008000518                LCD::Delay_ms(unsigned char)
 .text._ZN3LCD5beginEP19__I2C_HandleTypeDefh
                0x0000000008000532      0x154 ./Core/Src/LCD.o
                0x0000000008000532                LCD::begin(__I2C_HandleTypeDef*, unsigned char)
 *fill*         0x0000000008000686        0x2 
 .text._ZN3LCDC2Ev
                0x0000000008000688       0x28 ./Core/Src/LCD.o
                0x0000000008000688                LCD::LCD()
                0x0000000008000688                LCD::LCD()
 .text._ZN3LCDD2Ev
                0x00000000080006b0       0x20 ./Core/Src/LCD.o
                0x00000000080006b0                LCD::~LCD()
                0x00000000080006b0                LCD::~LCD()
 .text._ZN3LCDD0Ev
                0x00000000080006d0       0x20 ./Core/Src/LCD.o
                0x00000000080006d0                LCD::~LCD()
 .text._ZN3LCD5ClearEv
                0x00000000080006f0       0x1e ./Core/Src/LCD.o
                0x00000000080006f0                LCD::Clear()
 .text._ZN3LCD4PutsEhhPKc
                0x000000000800070e       0xbc ./Core/Src/LCD.o
                0x000000000800070e                LCD::Puts(unsigned char, unsigned char, char const*)
 .text._ZN3LCD5PrintEPKc
                0x00000000080007ca       0x24 ./Core/Src/LCD.o
                0x00000000080007ca                LCD::Print(char const*)
 .text._ZN3LCD9DisplayOnEv
                0x00000000080007ee       0x30 ./Core/Src/LCD.o
                0x00000000080007ee                LCD::DisplayOn()
 .text._ZN3LCD3CmdEh
                0x000000000800081e       0x3e ./Core/Src/LCD.o
                0x000000000800081e                LCD::Cmd(unsigned char)
 .text._ZN3LCD4DataEh
                0x000000000800085c       0x3e ./Core/Src/LCD.o
                0x000000000800085c                LCD::Data(unsigned char)
 .text._ZN3LCD6RawCmdEhh
                0x000000000800089a       0xc4 ./Core/Src/LCD.o
                0x000000000800089a                LCD::RawCmd(unsigned char, unsigned char)
 .text._ZN3LCD4ECmdEh
                0x000000000800095e       0x20 ./Core/Src/LCD.o
                0x000000000800095e                LCD::ECmd(unsigned char)
 .text._ZN3LCD5RSCmdEh
                0x000000000800097e       0x20 ./Core/Src/LCD.o
                0x000000000800097e                LCD::RSCmd(unsigned char)
 .text._ZN3LCD6OneCmdEhh
                0x000000000800099e       0x58 ./Core/Src/LCD.o
                0x000000000800099e                LCD::OneCmd(unsigned char, unsigned char)
 *fill*         0x00000000080009f6        0x2 
 .text._ZN3LCD9CursorSetEhh
                0x00000000080009f8       0x5c ./Core/Src/LCD.o
                0x00000000080009f8                LCD::CursorSet(unsigned char, unsigned char)
 .text._ZN3LCD8ReadPinsEv
                0x0000000008000a54       0x78 ./Core/Src/LCD.o
                0x0000000008000a54                LCD::ReadPins()
 .text._ZN3LCD7setTaskEPPv
                0x0000000008000acc       0x1c ./Core/Src/LCD.o
                0x0000000008000acc                LCD::setTask(void**)
 .text._ZN3LCD9setTXFlagEv
                0x0000000008000ae8       0x1e ./Core/Src/LCD.o
                0x0000000008000ae8                LCD::setTXFlag()
 .text._ZN3LCD9setRXFlagEv
                0x0000000008000b06       0x1e ./Core/Src/LCD.o
                0x0000000008000b06                LCD::setRXFlag()
 .text._ZN7DRV2605C2Ev
                0x0000000008000b24       0x1c ./Core/Src/drv2605.o
                0x0000000008000b24                DRV2605::DRV2605()
                0x0000000008000b24                DRV2605::DRV2605()
 .text._ZN7DRV26055beginEP19__I2C_HandleTypeDef
                0x0000000008000b40       0x20 ./Core/Src/drv2605.o
                0x0000000008000b40                DRV2605::begin(__I2C_HandleTypeDef*)
 .text._ZN7DRV26054initEv
                0x0000000008000b60       0xac ./Core/Src/drv2605.o
                0x0000000008000b60                DRV2605::init()
 .text._ZN7DRV260511setWaveformEhh
                0x0000000008000c0c       0x28 ./Core/Src/drv2605.o
                0x0000000008000c0c                DRV2605::setWaveform(unsigned char, unsigned char)
 .text._ZN7DRV26052goEv
                0x0000000008000c34       0x1a ./Core/Src/drv2605.o
                0x0000000008000c34                DRV2605::go()
 .text._ZN7DRV26054stopEv
                0x0000000008000c4e       0x1a ./Core/Src/drv2605.o
                0x0000000008000c4e                DRV2605::stop()
 .text._ZN7DRV26057setModeEh
                0x0000000008000c68       0x20 ./Core/Src/drv2605.o
                0x0000000008000c68                DRV2605::setMode(unsigned char)
 .text._ZN7DRV260513readRegister8Eh
                0x0000000008000c88       0x44 ./Core/Src/drv2605.o
                0x0000000008000c88                DRV2605::readRegister8(unsigned char)
 .text._ZN7DRV260514writeRegister8Ehh
                0x0000000008000ccc       0x44 ./Core/Src/drv2605.o
                0x0000000008000ccc                DRV2605::writeRegister8(unsigned char, unsigned char)
 .text._ZN7DRV26057setTaskEPPv
                0x0000000008000d10       0x1c ./Core/Src/drv2605.o
                0x0000000008000d10                DRV2605::setTask(void**)
 .text._ZN7DRV26059setTXFlagEv
                0x0000000008000d2c       0x1e ./Core/Src/drv2605.o
                0x0000000008000d2c                DRV2605::setTXFlag()
 .text._ZN7DRV26059setRXFlagEv
                0x0000000008000d4a       0x1e ./Core/Src/drv2605.o
                0x0000000008000d4a                DRV2605::setRXFlag()
 .text._ZN7DRV26056useLRAEv
                0x0000000008000d68       0x2a ./Core/Src/drv2605.o
                0x0000000008000d68                DRV2605::useLRA()
 *fill*         0x0000000008000d92        0x2 
 .text._write   0x0000000008000d94       0x28 ./Core/Src/main.o
                0x0000000008000d94                _write
 .text.main     0x0000000008000dbc       0x64 ./Core/Src/main.o
                0x0000000008000dbc                main
 .text._Z18SystemClock_Configv
                0x0000000008000e20       0xaa ./Core/Src/main.o
                0x0000000008000e20                SystemClock_Config()
 *fill*         0x0000000008000eca        0x2 
 .text._ZL12MX_I2C1_Initv
                0x0000000008000ecc       0x9c ./Core/Src/main.o
 .text._ZL12MX_I2C2_Initv
                0x0000000008000f68       0x9c ./Core/Src/main.o
 .text._ZL19MX_USART2_UART_Initv
                0x0000000008001004       0xd8 ./Core/Src/main.o
 .text._ZL11MX_DMA_Initv
                0x00000000080010dc       0x64 ./Core/Src/main.o
 .text._ZL12MX_GPIO_Initv
                0x0000000008001140       0x80 ./Core/Src/main.o
 .text.HAL_UART_RxCpltCallback
                0x00000000080011c0       0x30 ./Core/Src/main.o
                0x00000000080011c0                HAL_UART_RxCpltCallback
 .text.HAL_I2C_MemTxCpltCallback
                0x00000000080011f0       0x44 ./Core/Src/main.o
                0x00000000080011f0                HAL_I2C_MemTxCpltCallback
 .text.HAL_I2C_MemRxCpltCallback
                0x0000000008001234       0x44 ./Core/Src/main.o
                0x0000000008001234                HAL_I2C_MemRxCpltCallback
 .text._Z11MenuControlhhRhS_
                0x0000000008001278       0x82 ./Core/Src/main.o
                0x0000000008001278                MenuControl(unsigned char, unsigned char, unsigned char&, unsigned char&)
 *fill*         0x00000000080012fa        0x2 
 .text._Z16StartMainGUITaskPv
                0x00000000080012fc      0x1b8 ./Core/Src/main.o
                0x00000000080012fc                StartMainGUITask(void*)
 .text._Z18StartVibrationTaskPv
                0x00000000080014b4       0x90 ./Core/Src/main.o
                0x00000000080014b4                StartVibrationTask(void*)
 .text.HAL_TIM_PeriodElapsedCallback
                0x0000000008001544       0x24 ./Core/Src/main.o
                0x0000000008001544                HAL_TIM_PeriodElapsedCallback
 .text.Error_Handler
                0x0000000008001568        0xa ./Core/Src/main.o
                0x0000000008001568                Error_Handler
 *fill*         0x0000000008001572        0x2 
 .text._Z41__static_initialization_and_destruction_0ii
                0x0000000008001574       0x4c ./Core/Src/main.o
 .text._GLOBAL__sub_I_hi2c1
                0x00000000080015c0       0x10 ./Core/Src/main.o
 .text._GLOBAL__sub_D_hi2c1
                0x00000000080015d0       0x10 ./Core/Src/main.o
 .text.HAL_MspInit
                0x00000000080015e0       0x54 ./Core/Src/stm32g4xx_hal_msp.o
                0x00000000080015e0                HAL_MspInit
 .text.HAL_I2C_MspInit
                0x0000000008001634      0x1ac ./Core/Src/stm32g4xx_hal_msp.o
                0x0000000008001634                HAL_I2C_MspInit
 .text.HAL_UART_MspInit
                0x00000000080017e0      0x174 ./Core/Src/stm32g4xx_hal_msp.o
                0x00000000080017e0                HAL_UART_MspInit
 .text.HAL_InitTick
                0x0000000008001954       0xe0 ./Core/Src/stm32g4xx_hal_timebase_tim.o
                0x0000000008001954                HAL_InitTick
 .text.NMI_Handler
                0x0000000008001a34        0x6 ./Core/Src/stm32g4xx_it.o
                0x0000000008001a34                NMI_Handler
 .text.HardFault_Handler
                0x0000000008001a3a        0x6 ./Core/Src/stm32g4xx_it.o
                0x0000000008001a3a                HardFault_Handler
 .text.MemManage_Handler
                0x0000000008001a40        0x6 ./Core/Src/stm32g4xx_it.o
                0x0000000008001a40                MemManage_Handler
 .text.BusFault_Handler
                0x0000000008001a46        0x6 ./Core/Src/stm32g4xx_it.o
                0x0000000008001a46                BusFault_Handler
 .text.UsageFault_Handler
                0x0000000008001a4c        0x6 ./Core/Src/stm32g4xx_it.o
                0x0000000008001a4c                UsageFault_Handler
 .text.DebugMon_Handler
                0x0000000008001a52        0xe ./Core/Src/stm32g4xx_it.o
                0x0000000008001a52                DebugMon_Handler
 .text.DMA1_Channel1_IRQHandler
                0x0000000008001a60       0x14 ./Core/Src/stm32g4xx_it.o
                0x0000000008001a60                DMA1_Channel1_IRQHandler
 .text.DMA1_Channel2_IRQHandler
                0x0000000008001a74       0x14 ./Core/Src/stm32g4xx_it.o
                0x0000000008001a74                DMA1_Channel2_IRQHandler
 .text.TIM1_TRG_COM_TIM17_IRQHandler
                0x0000000008001a88       0x14 ./Core/Src/stm32g4xx_it.o
                0x0000000008001a88                TIM1_TRG_COM_TIM17_IRQHandler
 .text.I2C1_EV_IRQHandler
                0x0000000008001a9c       0x14 ./Core/Src/stm32g4xx_it.o
                0x0000000008001a9c                I2C1_EV_IRQHandler
 .text.I2C1_ER_IRQHandler
                0x0000000008001ab0       0x14 ./Core/Src/stm32g4xx_it.o
                0x0000000008001ab0                I2C1_ER_IRQHandler
 .text.I2C2_EV_IRQHandler
                0x0000000008001ac4       0x14 ./Core/Src/stm32g4xx_it.o
                0x0000000008001ac4                I2C2_EV_IRQHandler
 .text.I2C2_ER_IRQHandler
                0x0000000008001ad8       0x14 ./Core/Src/stm32g4xx_it.o
                0x0000000008001ad8                I2C2_ER_IRQHandler
 .text.USART2_IRQHandler
                0x0000000008001aec       0x14 ./Core/Src/stm32g4xx_it.o
                0x0000000008001aec                USART2_IRQHandler
 .text._read    0x0000000008001b00       0x3a ./Core/Src/syscalls.o
                0x0000000008001b00                _read
 .text._close   0x0000000008001b3a       0x18 ./Core/Src/syscalls.o
                0x0000000008001b3a                _close
 .text._fstat   0x0000000008001b52       0x20 ./Core/Src/syscalls.o
                0x0000000008001b52                _fstat
 .text._isatty  0x0000000008001b72       0x16 ./Core/Src/syscalls.o
                0x0000000008001b72                _isatty
 .text._lseek   0x0000000008001b88       0x1a ./Core/Src/syscalls.o
                0x0000000008001b88                _lseek
 *fill*         0x0000000008001ba2        0x2 
 .text._sbrk    0x0000000008001ba4       0x6c ./Core/Src/sysmem.o
                0x0000000008001ba4                _sbrk
 .text.SystemInit
                0x0000000008001c10       0x24 ./Core/Src/system_stm32g4xx.o
                0x0000000008001c10                SystemInit
 .text.Reset_Handler
                0x0000000008001c34       0x50 ./Core/Startup/startup_stm32g431kbtx.o
                0x0000000008001c34                Reset_Handler
 .text.Default_Handler
                0x0000000008001c84        0x2 ./Core/Startup/startup_stm32g431kbtx.o
                0x0000000008001c84                RTC_Alarm_IRQHandler
                0x0000000008001c84                EXTI2_IRQHandler
                0x0000000008001c84                TIM8_TRG_COM_IRQHandler
                0x0000000008001c84                TIM8_CC_IRQHandler
                0x0000000008001c84                TIM1_CC_IRQHandler
                0x0000000008001c84                USB_HP_IRQHandler
                0x0000000008001c84                CORDIC_IRQHandler
                0x0000000008001c84                EXTI3_IRQHandler
                0x0000000008001c84                I2C3_ER_IRQHandler
                0x0000000008001c84                EXTI0_IRQHandler
                0x0000000008001c84                FPU_IRQHandler
                0x0000000008001c84                FDCAN1_IT1_IRQHandler
                0x0000000008001c84                TIM1_UP_TIM16_IRQHandler
                0x0000000008001c84                ADC1_2_IRQHandler
                0x0000000008001c84                SPI1_IRQHandler
                0x0000000008001c84                TIM6_DAC_IRQHandler
                0x0000000008001c84                TIM8_UP_IRQHandler
                0x0000000008001c84                DMA2_Channel2_IRQHandler
                0x0000000008001c84                DMA1_Channel4_IRQHandler
                0x0000000008001c84                USART3_IRQHandler
                0x0000000008001c84                TIM4_IRQHandler
                0x0000000008001c84                DMA2_Channel1_IRQHandler
                0x0000000008001c84                DMA1_Channel6_IRQHandler
                0x0000000008001c84                UART4_IRQHandler
                0x0000000008001c84                DMA2_Channel4_IRQHandler
                0x0000000008001c84                TIM3_IRQHandler
                0x0000000008001c84                RCC_IRQHandler
                0x0000000008001c84                Default_Handler
                0x0000000008001c84                RTC_TAMP_LSECSS_IRQHandler
                0x0000000008001c84                FMAC_IRQHandler
                0x0000000008001c84                EXTI15_10_IRQHandler
                0x0000000008001c84                TIM7_IRQHandler
                0x0000000008001c84                UCPD1_IRQHandler
                0x0000000008001c84                I2C3_EV_IRQHandler
                0x0000000008001c84                EXTI9_5_IRQHandler
                0x0000000008001c84                RTC_WKUP_IRQHandler
                0x0000000008001c84                PVD_PVM_IRQHandler
                0x0000000008001c84                SPI2_IRQHandler
                0x0000000008001c84                DMA2_Channel5_IRQHandler
                0x0000000008001c84                CRS_IRQHandler
                0x0000000008001c84                DMA1_Channel5_IRQHandler
                0x0000000008001c84                USB_LP_IRQHandler
                0x0000000008001c84                EXTI4_IRQHandler
                0x0000000008001c84                RNG_IRQHandler
                0x0000000008001c84                DMA1_Channel3_IRQHandler
                0x0000000008001c84                WWDG_IRQHandler
                0x0000000008001c84                LPUART1_IRQHandler
                0x0000000008001c84                DMA2_Channel6_IRQHandler
                0x0000000008001c84                FDCAN1_IT0_IRQHandler
                0x0000000008001c84                TIM2_IRQHandler
                0x0000000008001c84                COMP1_2_3_IRQHandler
                0x0000000008001c84                EXTI1_IRQHandler
                0x0000000008001c84                TIM8_BRK_IRQHandler
                0x0000000008001c84                FLASH_IRQHandler
                0x0000000008001c84                USART1_IRQHandler
                0x0000000008001c84                SPI3_IRQHandler
                0x0000000008001c84                LPTIM1_IRQHandler
                0x0000000008001c84                DMAMUX_OVR_IRQHandler
                0x0000000008001c84                USBWakeUp_IRQHandler
                0x0000000008001c84                SAI1_IRQHandler
                0x0000000008001c84                DMA2_Channel3_IRQHandler
                0x0000000008001c84                COMP4_IRQHandler
                0x0000000008001c84                TIM1_BRK_TIM15_IRQHandler
 .text.HAL_Init
                0x0000000008001c86       0x30 ./Drivers/STM32G4xx_HAL_Driver/Src/stm32g4xx_hal.o
                0x0000000008001c86                HAL_Init
 *fill*         0x0000000008001cb6        0x2 
 .text.HAL_IncTick
                0x0000000008001cb8       0x24 ./Drivers/STM32G4xx_HAL_Driver/Src/stm32g4xx_hal.o
                0x0000000008001cb8                HAL_IncTick
 .text.HAL_GetTick
                0x0000000008001cdc       0x18 ./Drivers/STM32G4xx_HAL_Driver/Src/stm32g4xx_hal.o
                0x0000000008001cdc                HAL_GetTick
 .text.__NVIC_SetPriorityGrouping
                0x0000000008001cf4       0x48 ./Drivers/STM32G4xx_HAL_Driver/Src/stm32g4xx_hal_cortex.o
 .text.__NVIC_GetPriorityGrouping
                0x0000000008001d3c       0x1c ./Drivers/STM32G4xx_HAL_Driver/Src/stm32g4xx_hal_cortex.o
 .text.__NVIC_EnableIRQ
                0x0000000008001d58       0x3c ./Drivers/STM32G4xx_HAL_Driver/Src/stm32g4xx_hal_cortex.o
 .text.__NVIC_SetPriority
                0x0000000008001d94       0x54 ./Drivers/STM32G4xx_HAL_Driver/Src/stm32g4xx_hal_cortex.o
 .text.NVIC_EncodePriority
                0x0000000008001de8       0x66 ./Drivers/STM32G4xx_HAL_Driver/Src/stm32g4xx_hal_cortex.o
 .text.HAL_NVIC_SetPriorityGrouping
                0x0000000008001e4e       0x16 ./Drivers/STM32G4xx_HAL_Driver/Src/stm32g4xx_hal_cortex.o
                0x0000000008001e4e                HAL_NVIC_SetPriorityGrouping
 .text.HAL_NVIC_SetPriority
                0x0000000008001e64       0x34 ./Drivers/STM32G4xx_HAL_Driver/Src/stm32g4xx_hal_cortex.o
                0x0000000008001e64                HAL_NVIC_SetPriority
 .text.HAL_NVIC_EnableIRQ
                0x0000000008001e98       0x1c ./Drivers/STM32G4xx_HAL_Driver/Src/stm32g4xx_hal_cortex.o
                0x0000000008001e98                HAL_NVIC_EnableIRQ
 .text.HAL_DMA_Init
                0x0000000008001eb4      0x150 ./Drivers/STM32G4xx_HAL_Driver/Src/stm32g4xx_hal_dma.o
                0x0000000008001eb4                HAL_DMA_Init
 .text.HAL_DMA_Abort
                0x0000000008002004       0xb2 ./Drivers/STM32G4xx_HAL_Driver/Src/stm32g4xx_hal_dma.o
                0x0000000008002004                HAL_DMA_Abort
 .text.HAL_DMA_Abort_IT
                0x00000000080020b6       0xce ./Drivers/STM32G4xx_HAL_Driver/Src/stm32g4xx_hal_dma.o
                0x00000000080020b6                HAL_DMA_Abort_IT
 .text.HAL_DMA_IRQHandler
                0x0000000008002184      0x15e ./Drivers/STM32G4xx_HAL_Driver/Src/stm32g4xx_hal_dma.o
                0x0000000008002184                HAL_DMA_IRQHandler
 .text.HAL_DMA_GetState
                0x00000000080022e2       0x1c ./Drivers/STM32G4xx_HAL_Driver/Src/stm32g4xx_hal_dma.o
                0x00000000080022e2                HAL_DMA_GetState
 *fill*         0x00000000080022fe        0x2 
 .text.DMA_CalcDMAMUXChannelBaseAndMask
                0x0000000008002300       0x7c ./Drivers/STM32G4xx_HAL_Driver/Src/stm32g4xx_hal_dma.o
 .text.DMA_CalcDMAMUXRequestGenBaseAndMask
                0x000000000800237c       0x48 ./Drivers/STM32G4xx_HAL_Driver/Src/stm32g4xx_hal_dma.o
 .text.HAL_GPIO_Init
                0x00000000080023c4      0x304 ./Drivers/STM32G4xx_HAL_Driver/Src/stm32g4xx_hal_gpio.o
                0x00000000080023c4                HAL_GPIO_Init
 .text.HAL_GPIO_WritePin
                0x00000000080026c8       0x30 ./Drivers/STM32G4xx_HAL_Driver/Src/stm32g4xx_hal_gpio.o
                0x00000000080026c8                HAL_GPIO_WritePin
 .text.HAL_I2C_Init
                0x00000000080026f8      0x11e ./Drivers/STM32G4xx_HAL_Driver/Src/stm32g4xx_hal_i2c.o
                0x00000000080026f8                HAL_I2C_Init
 *fill*         0x0000000008002816        0x2 
 .text.HAL_I2C_Mem_Write
                0x0000000008002818      0x228 ./Drivers/STM32G4xx_HAL_Driver/Src/stm32g4xx_hal_i2c.o
                0x0000000008002818                HAL_I2C_Mem_Write
 .text.HAL_I2C_Mem_Write_IT
                0x0000000008002a40      0x128 ./Drivers/STM32G4xx_HAL_Driver/Src/stm32g4xx_hal_i2c.o
                0x0000000008002a40                HAL_I2C_Mem_Write_IT
 .text.HAL_I2C_Mem_Read_IT
                0x0000000008002b68      0x12c ./Drivers/STM32G4xx_HAL_Driver/Src/stm32g4xx_hal_i2c.o
                0x0000000008002b68                HAL_I2C_Mem_Read_IT
 .text.HAL_I2C_EV_IRQHandler
                0x0000000008002c94       0x34 ./Drivers/STM32G4xx_HAL_Driver/Src/stm32g4xx_hal_i2c.o
                0x0000000008002c94                HAL_I2C_EV_IRQHandler
 .text.HAL_I2C_ER_IRQHandler
                0x0000000008002cc8       0xc2 ./Drivers/STM32G4xx_HAL_Driver/Src/stm32g4xx_hal_i2c.o
                0x0000000008002cc8                HAL_I2C_ER_IRQHandler
 .text.HAL_I2C_MasterTxCpltCallback
                0x0000000008002d8a       0x14 ./Drivers/STM32G4xx_HAL_Driver/Src/stm32g4xx_hal_i2c.o
                0x0000000008002d8a                HAL_I2C_MasterTxCpltCallback
 .text.HAL_I2C_MasterRxCpltCallback
                0x0000000008002d9e       0x14 ./Drivers/STM32G4xx_HAL_Driver/Src/stm32g4xx_hal_i2c.o
                0x0000000008002d9e                HAL_I2C_MasterRxCpltCallback
 .text.HAL_I2C_SlaveTxCpltCallback
                0x0000000008002db2       0x14 ./Drivers/STM32G4xx_HAL_Driver/Src/stm32g4xx_hal_i2c.o
                0x0000000008002db2                HAL_I2C_SlaveTxCpltCallback
 .text.HAL_I2C_SlaveRxCpltCallback
                0x0000000008002dc6       0x14 ./Drivers/STM32G4xx_HAL_Driver/Src/stm32g4xx_hal_i2c.o
                0x0000000008002dc6                HAL_I2C_SlaveRxCpltCallback
 .text.HAL_I2C_AddrCallback
                0x0000000008002dda       0x1c ./Drivers/STM32G4xx_HAL_Driver/Src/stm32g4xx_hal_i2c.o
                0x0000000008002dda                HAL_I2C_AddrCallback
 .text.HAL_I2C_ListenCpltCallback
                0x0000000008002df6       0x14 ./Drivers/STM32G4xx_HAL_Driver/Src/stm32g4xx_hal_i2c.o
                0x0000000008002df6                HAL_I2C_ListenCpltCallback
 .text.HAL_I2C_ErrorCallback
                0x0000000008002e0a       0x14 ./Drivers/STM32G4xx_HAL_Driver/Src/stm32g4xx_hal_i2c.o
                0x0000000008002e0a                HAL_I2C_ErrorCallback
 .text.HAL_I2C_AbortCpltCallback
                0x0000000008002e1e       0x14 ./Drivers/STM32G4xx_HAL_Driver/Src/stm32g4xx_hal_i2c.o
                0x0000000008002e1e                HAL_I2C_AbortCpltCallback
 .text.I2C_Master_ISR_IT
                0x0000000008002e32      0x250 ./Drivers/STM32G4xx_HAL_Driver/Src/stm32g4xx_hal_i2c.o
 .text.I2C_Slave_ISR_IT
                0x0000000008003082      0x206 ./Drivers/STM32G4xx_HAL_Driver/Src/stm32g4xx_hal_i2c.o
 .text.I2C_Master_ISR_DMA
                0x0000000008003288      0x1e6 ./Drivers/STM32G4xx_HAL_Driver/Src/stm32g4xx_hal_i2c.o
 .text.I2C_Slave_ISR_DMA
                0x000000000800346e      0x1c0 ./Drivers/STM32G4xx_HAL_Driver/Src/stm32g4xx_hal_i2c.o
 *fill*         0x000000000800362e        0x2 
 .text.I2C_RequestMemoryWrite
                0x0000000008003630       0xa8 ./Drivers/STM32G4xx_HAL_Driver/Src/stm32g4xx_hal_i2c.o
 .text.I2C_RequestMemoryRead
                0x00000000080036d8       0xa8 ./Drivers/STM32G4xx_HAL_Driver/Src/stm32g4xx_hal_i2c.o
 .text.I2C_ITAddrCplt
                0x0000000008003780      0x108 ./Drivers/STM32G4xx_HAL_Driver/Src/stm32g4xx_hal_i2c.o
 .text.I2C_ITMasterSeqCplt
                0x0000000008003888       0x7a ./Drivers/STM32G4xx_HAL_Driver/Src/stm32g4xx_hal_i2c.o
 .text.I2C_ITSlaveSeqCplt
                0x0000000008003902       0xbc ./Drivers/STM32G4xx_HAL_Driver/Src/stm32g4xx_hal_i2c.o
 *fill*         0x00000000080039be        0x2 
 .text.I2C_ITMasterCplt
                0x00000000080039c0      0x194 ./Drivers/STM32G4xx_HAL_Driver/Src/stm32g4xx_hal_i2c.o
 .text.I2C_ITSlaveCplt
                0x0000000008003b54      0x214 ./Drivers/STM32G4xx_HAL_Driver/Src/stm32g4xx_hal_i2c.o
 .text.I2C_ITListenCplt
                0x0000000008003d68       0xac ./Drivers/STM32G4xx_HAL_Driver/Src/stm32g4xx_hal_i2c.o
 .text.I2C_ITError
                0x0000000008003e14      0x1a0 ./Drivers/STM32G4xx_HAL_Driver/Src/stm32g4xx_hal_i2c.o
 .text.I2C_TreatErrorCallback
                0x0000000008003fb4       0x4e ./Drivers/STM32G4xx_HAL_Driver/Src/stm32g4xx_hal_i2c.o
 .text.I2C_Flush_TXDR
                0x0000000008004002       0x48 ./Drivers/STM32G4xx_HAL_Driver/Src/stm32g4xx_hal_i2c.o
 .text.I2C_DMAAbort
                0x000000000800404a       0x3c ./Drivers/STM32G4xx_HAL_Driver/Src/stm32g4xx_hal_i2c.o
 .text.I2C_WaitOnFlagUntilTimeout
                0x0000000008004086       0x80 ./Drivers/STM32G4xx_HAL_Driver/Src/stm32g4xx_hal_i2c.o
 .text.I2C_WaitOnTXISFlagUntilTimeout
                0x0000000008004106       0x80 ./Drivers/STM32G4xx_HAL_Driver/Src/stm32g4xx_hal_i2c.o
 .text.I2C_WaitOnSTOPFlagUntilTimeout
                0x0000000008004186       0x78 ./Drivers/STM32G4xx_HAL_Driver/Src/stm32g4xx_hal_i2c.o
 *fill*         0x00000000080041fe        0x2 
 .text.I2C_IsErrorOccurred
                0x0000000008004200      0x1d8 ./Drivers/STM32G4xx_HAL_Driver/Src/stm32g4xx_hal_i2c.o
 .text.I2C_TransferConfig
                0x00000000080043d8       0x64 ./Drivers/STM32G4xx_HAL_Driver/Src/stm32g4xx_hal_i2c.o
 .text.I2C_Enable_IRQ
                0x000000000800443c       0xc8 ./Drivers/STM32G4xx_HAL_Driver/Src/stm32g4xx_hal_i2c.o
 .text.I2C_Disable_IRQ
                0x0000000008004504       0xbc ./Drivers/STM32G4xx_HAL_Driver/Src/stm32g4xx_hal_i2c.o
 .text.HAL_I2CEx_ConfigAnalogFilter
                0x00000000080045c0       0x96 ./Drivers/STM32G4xx_HAL_Driver/Src/stm32g4xx_hal_i2c_ex.o
                0x00000000080045c0                HAL_I2CEx_ConfigAnalogFilter
 .text.HAL_I2CEx_ConfigDigitalFilter
                0x0000000008004656       0x98 ./Drivers/STM32G4xx_HAL_Driver/Src/stm32g4xx_hal_i2c_ex.o
                0x0000000008004656                HAL_I2CEx_ConfigDigitalFilter
 *fill*         0x00000000080046ee        0x2 
 .text.HAL_PWREx_ControlVoltageScaling
                0x00000000080046f0      0x148 ./Drivers/STM32G4xx_HAL_Driver/Src/stm32g4xx_hal_pwr_ex.o
                0x00000000080046f0                HAL_PWREx_ControlVoltageScaling
 .text.HAL_PWREx_DisableUCPDDeadBattery
                0x0000000008004838       0x20 ./Drivers/STM32G4xx_HAL_Driver/Src/stm32g4xx_hal_pwr_ex.o
                0x0000000008004838                HAL_PWREx_DisableUCPDDeadBattery
 .text.HAL_RCC_OscConfig
                0x0000000008004858      0x630 ./Drivers/STM32G4xx_HAL_Driver/Src/stm32g4xx_hal_rcc.o
                0x0000000008004858                HAL_RCC_OscConfig
 .text.HAL_RCC_ClockConfig
                0x0000000008004e88      0x278 ./Drivers/STM32G4xx_HAL_Driver/Src/stm32g4xx_hal_rcc.o
                0x0000000008004e88                HAL_RCC_ClockConfig
 .text.HAL_RCC_GetSysClockFreq
                0x0000000008005100       0xc4 ./Drivers/STM32G4xx_HAL_Driver/Src/stm32g4xx_hal_rcc.o
                0x0000000008005100                HAL_RCC_GetSysClockFreq
 .text.HAL_RCC_GetHCLKFreq
                0x00000000080051c4       0x18 ./Drivers/STM32G4xx_HAL_Driver/Src/stm32g4xx_hal_rcc.o
                0x00000000080051c4                HAL_RCC_GetHCLKFreq
 .text.HAL_RCC_GetPCLK1Freq
                0x00000000080051dc       0x2c ./Drivers/STM32G4xx_HAL_Driver/Src/stm32g4xx_hal_rcc.o
                0x00000000080051dc                HAL_RCC_GetPCLK1Freq
 .text.HAL_RCC_GetPCLK2Freq
                0x0000000008005208       0x2c ./Drivers/STM32G4xx_HAL_Driver/Src/stm32g4xx_hal_rcc.o
                0x0000000008005208                HAL_RCC_GetPCLK2Freq
 .text.HAL_RCC_GetClockConfig
                0x0000000008005234       0x64 ./Drivers/STM32G4xx_HAL_Driver/Src/stm32g4xx_hal_rcc.o
                0x0000000008005234                HAL_RCC_GetClockConfig
 .text.RCC_GetSysClockFreqFromPLLSource
                0x0000000008005298       0x8c ./Drivers/STM32G4xx_HAL_Driver/Src/stm32g4xx_hal_rcc.o
 .text.HAL_RCCEx_PeriphCLKConfig
                0x0000000008005324      0x3e0 ./Drivers/STM32G4xx_HAL_Driver/Src/stm32g4xx_hal_rcc_ex.o
                0x0000000008005324                HAL_RCCEx_PeriphCLKConfig
 .text.HAL_TIM_Base_Init
                0x0000000008005704       0xae ./Drivers/STM32G4xx_HAL_Driver/Src/stm32g4xx_hal_tim.o
                0x0000000008005704                HAL_TIM_Base_Init
 .text.HAL_TIM_Base_MspInit
                0x00000000080057b2       0x14 ./Drivers/STM32G4xx_HAL_Driver/Src/stm32g4xx_hal_tim.o
                0x00000000080057b2                HAL_TIM_Base_MspInit
 *fill*         0x00000000080057c6        0x2 
 .text.HAL_TIM_Base_Start_IT
                0x00000000080057c8       0xd4 ./Drivers/STM32G4xx_HAL_Driver/Src/stm32g4xx_hal_tim.o
                0x00000000080057c8                HAL_TIM_Base_Start_IT
 .text.HAL_TIM_IRQHandler
                0x000000000800589c      0x2fe ./Drivers/STM32G4xx_HAL_Driver/Src/stm32g4xx_hal_tim.o
                0x000000000800589c                HAL_TIM_IRQHandler
 .text.HAL_TIM_OC_DelayElapsedCallback
                0x0000000008005b9a       0x14 ./Drivers/STM32G4xx_HAL_Driver/Src/stm32g4xx_hal_tim.o
                0x0000000008005b9a                HAL_TIM_OC_DelayElapsedCallback
 .text.HAL_TIM_IC_CaptureCallback
                0x0000000008005bae       0x14 ./Drivers/STM32G4xx_HAL_Driver/Src/stm32g4xx_hal_tim.o
                0x0000000008005bae                HAL_TIM_IC_CaptureCallback
 .text.HAL_TIM_PWM_PulseFinishedCallback
                0x0000000008005bc2       0x14 ./Drivers/STM32G4xx_HAL_Driver/Src/stm32g4xx_hal_tim.o
                0x0000000008005bc2                HAL_TIM_PWM_PulseFinishedCallback
 .text.HAL_TIM_TriggerCallback
                0x0000000008005bd6       0x14 ./Drivers/STM32G4xx_HAL_Driver/Src/stm32g4xx_hal_tim.o
                0x0000000008005bd6                HAL_TIM_TriggerCallback
 *fill*         0x0000000008005bea        0x2 
 .text.TIM_Base_SetConfig
                0x0000000008005bec      0x120 ./Drivers/STM32G4xx_HAL_Driver/Src/stm32g4xx_hal_tim.o
                0x0000000008005bec                TIM_Base_SetConfig
 .text.HAL_TIMEx_CommutCallback
                0x0000000008005d0c       0x14 ./Drivers/STM32G4xx_HAL_Driver/Src/stm32g4xx_hal_tim_ex.o
                0x0000000008005d0c                HAL_TIMEx_CommutCallback
 .text.HAL_TIMEx_BreakCallback
                0x0000000008005d20       0x14 ./Drivers/STM32G4xx_HAL_Driver/Src/stm32g4xx_hal_tim_ex.o
                0x0000000008005d20                HAL_TIMEx_BreakCallback
 .text.HAL_TIMEx_Break2Callback
                0x0000000008005d34       0x14 ./Drivers/STM32G4xx_HAL_Driver/Src/stm32g4xx_hal_tim_ex.o
                0x0000000008005d34                HAL_TIMEx_Break2Callback
 .text.HAL_TIMEx_EncoderIndexCallback
                0x0000000008005d48       0x14 ./Drivers/STM32G4xx_HAL_Driver/Src/stm32g4xx_hal_tim_ex.o
                0x0000000008005d48                HAL_TIMEx_EncoderIndexCallback
 .text.HAL_TIMEx_DirectionChangeCallback
                0x0000000008005d5c       0x14 ./Drivers/STM32G4xx_HAL_Driver/Src/stm32g4xx_hal_tim_ex.o
                0x0000000008005d5c                HAL_TIMEx_DirectionChangeCallback
 .text.HAL_TIMEx_IndexErrorCallback
                0x0000000008005d70       0x14 ./Drivers/STM32G4xx_HAL_Driver/Src/stm32g4xx_hal_tim_ex.o
                0x0000000008005d70                HAL_TIMEx_IndexErrorCallback
 .text.HAL_TIMEx_TransitionErrorCallback
                0x0000000008005d84       0x14 ./Drivers/STM32G4xx_HAL_Driver/Src/stm32g4xx_hal_tim_ex.o
                0x0000000008005d84                HAL_TIMEx_TransitionErrorCallback
 .text.HAL_UART_Init
                0x0000000008005d98       0xa0 ./Drivers/STM32G4xx_HAL_Driver/Src/stm32g4xx_hal_uart.o
                0x0000000008005d98                HAL_UART_Init
 .text.HAL_UART_Transmit_IT
                0x0000000008005e38      0x150 ./Drivers/STM32G4xx_HAL_Driver/Src/stm32g4xx_hal_uart.o
                0x0000000008005e38                HAL_UART_Transmit_IT
 .text.HAL_UART_Receive_IT
                0x0000000008005f88       0xac ./Drivers/STM32G4xx_HAL_Driver/Src/stm32g4xx_hal_uart.o
                0x0000000008005f88                HAL_UART_Receive_IT
 .text.HAL_UART_IRQHandler
                0x0000000008006034      0x630 ./Drivers/STM32G4xx_HAL_Driver/Src/stm32g4xx_hal_uart.o
                0x0000000008006034                HAL_UART_IRQHandler
 .text.HAL_UART_TxCpltCallback
                0x0000000008006664       0x14 ./Drivers/STM32G4xx_HAL_Driver/Src/stm32g4xx_hal_uart.o
                0x0000000008006664                HAL_UART_TxCpltCallback
 .text.HAL_UART_ErrorCallback
                0x0000000008006678       0x14 ./Drivers/STM32G4xx_HAL_Driver/Src/stm32g4xx_hal_uart.o
                0x0000000008006678                HAL_UART_ErrorCallback
 .text.HAL_UARTEx_RxEventCallback
                0x000000000800668c       0x18 ./Drivers/STM32G4xx_HAL_Driver/Src/stm32g4xx_hal_uart.o
                0x000000000800668c                HAL_UARTEx_RxEventCallback
 .text.UART_SetConfig
                0x00000000080066a4      0x538 ./Drivers/STM32G4xx_HAL_Driver/Src/stm32g4xx_hal_uart.o
                0x00000000080066a4                UART_SetConfig
 .text.UART_AdvFeatureConfig
                0x0000000008006bdc      0x144 ./Drivers/STM32G4xx_HAL_Driver/Src/stm32g4xx_hal_uart.o
                0x0000000008006bdc                UART_AdvFeatureConfig
 .text.UART_CheckIdleState
                0x0000000008006d20       0x96 ./Drivers/STM32G4xx_HAL_Driver/Src/stm32g4xx_hal_uart.o
                0x0000000008006d20                UART_CheckIdleState
 .text.UART_WaitOnFlagUntilTimeout
                0x0000000008006db6      0x190 ./Drivers/STM32G4xx_HAL_Driver/Src/stm32g4xx_hal_uart.o
                0x0000000008006db6                UART_WaitOnFlagUntilTimeout
 *fill*         0x0000000008006f46        0x2 
 .text.UART_Start_Receive_IT
                0x0000000008006f48      0x254 ./Drivers/STM32G4xx_HAL_Driver/Src/stm32g4xx_hal_uart.o
                0x0000000008006f48                UART_Start_Receive_IT
 .text.UART_EndRxTransfer
                0x000000000800719c       0xcc ./Drivers/STM32G4xx_HAL_Driver/Src/stm32g4xx_hal_uart.o
 .text.UART_DMAAbortOnError
                0x0000000008007268       0x2c ./Drivers/STM32G4xx_HAL_Driver/Src/stm32g4xx_hal_uart.o
 .text.UART_TxISR_8BIT
                0x0000000008007294       0xb8 ./Drivers/STM32G4xx_HAL_Driver/Src/stm32g4xx_hal_uart.o
 .text.UART_TxISR_16BIT
                0x000000000800734c       0xc2 ./Drivers/STM32G4xx_HAL_Driver/Src/stm32g4xx_hal_uart.o
 .text.UART_TxISR_8BIT_FIFOEN
                0x000000000800740e       0xe0 ./Drivers/STM32G4xx_HAL_Driver/Src/stm32g4xx_hal_uart.o
 .text.UART_TxISR_16BIT_FIFOEN
                0x00000000080074ee       0xea ./Drivers/STM32G4xx_HAL_Driver/Src/stm32g4xx_hal_uart.o
 .text.UART_EndTransmit_IT
                0x00000000080075d8       0x56 ./Drivers/STM32G4xx_HAL_Driver/Src/stm32g4xx_hal_uart.o
 .text.UART_RxISR_8BIT
                0x000000000800762e      0x160 ./Drivers/STM32G4xx_HAL_Driver/Src/stm32g4xx_hal_uart.o
 .text.UART_RxISR_16BIT
                0x000000000800778e      0x160 ./Drivers/STM32G4xx_HAL_Driver/Src/stm32g4xx_hal_uart.o
 *fill*         0x00000000080078ee        0x2 
 .text.UART_RxISR_8BIT_FIFOEN
                0x00000000080078f0      0x2f8 ./Drivers/STM32G4xx_HAL_Driver/Src/stm32g4xx_hal_uart.o
 .text.UART_RxISR_16BIT_FIFOEN
                0x0000000008007be8      0x300 ./Drivers/STM32G4xx_HAL_Driver/Src/stm32g4xx_hal_uart.o
 .text.HAL_UARTEx_WakeupCallback
                0x0000000008007ee8       0x14 ./Drivers/STM32G4xx_HAL_Driver/Src/stm32g4xx_hal_uart_ex.o
                0x0000000008007ee8                HAL_UARTEx_WakeupCallback
 .text.HAL_UARTEx_RxFifoFullCallback
                0x0000000008007efc       0x14 ./Drivers/STM32G4xx_HAL_Driver/Src/stm32g4xx_hal_uart_ex.o
                0x0000000008007efc                HAL_UARTEx_RxFifoFullCallback
 .text.HAL_UARTEx_TxFifoEmptyCallback
                0x0000000008007f10       0x14 ./Drivers/STM32G4xx_HAL_Driver/Src/stm32g4xx_hal_uart_ex.o
                0x0000000008007f10                HAL_UARTEx_TxFifoEmptyCallback
 .text.HAL_UARTEx_DisableFifoMode
                0x0000000008007f24       0x72 ./Drivers/STM32G4xx_HAL_Driver/Src/stm32g4xx_hal_uart_ex.o
                0x0000000008007f24                HAL_UARTEx_DisableFifoMode
 .text.HAL_UARTEx_SetTxFifoThreshold
                0x0000000008007f96       0x7c ./Drivers/STM32G4xx_HAL_Driver/Src/stm32g4xx_hal_uart_ex.o
                0x0000000008007f96                HAL_UARTEx_SetTxFifoThreshold
 .text.HAL_UARTEx_SetRxFifoThreshold
                0x0000000008008012       0x7c ./Drivers/STM32G4xx_HAL_Driver/Src/stm32g4xx_hal_uart_ex.o
                0x0000000008008012                HAL_UARTEx_SetRxFifoThreshold
 *fill*         0x000000000800808e        0x2 
 .text.UARTEx_SetNbDataToProcess
                0x0000000008008090       0x9c ./Drivers/STM32G4xx_HAL_Driver/Src/stm32g4xx_hal_uart_ex.o
 .text.__NVIC_SetPriority
                0x000000000800812c       0x54 ./Middlewares/Third_Party/FreeRTOS/Source/CMSIS_RTOS_V2/cmsis_os2.o
 .text.SysTick_Handler
                0x0000000008008180       0x20 ./Middlewares/Third_Party/FreeRTOS/Source/CMSIS_RTOS_V2/cmsis_os2.o
                0x0000000008008180                SysTick_Handler
 .text.SVC_Setup
                0x00000000080081a0       0x12 ./Middlewares/Third_Party/FreeRTOS/Source/CMSIS_RTOS_V2/cmsis_os2.o
 *fill*         0x00000000080081b2        0x2 
 .text.osKernelInitialize
                0x00000000080081b4       0x48 ./Middlewares/Third_Party/FreeRTOS/Source/CMSIS_RTOS_V2/cmsis_os2.o
                0x00000000080081b4                osKernelInitialize
 .text.osKernelStart
                0x00000000080081fc       0x4c ./Middlewares/Third_Party/FreeRTOS/Source/CMSIS_RTOS_V2/cmsis_os2.o
                0x00000000080081fc                osKernelStart
 .text.osThreadNew
                0x0000000008008248      0x124 ./Middlewares/Third_Party/FreeRTOS/Source/CMSIS_RTOS_V2/cmsis_os2.o
                0x0000000008008248                osThreadNew
 .text.osThreadFlagsSet
                0x000000000800836c       0x9c ./Middlewares/Third_Party/FreeRTOS/Source/CMSIS_RTOS_V2/cmsis_os2.o
                0x000000000800836c                osThreadFlagsSet
 .text.osThreadFlagsClear
                0x0000000008008408       0x7c ./Middlewares/Third_Party/FreeRTOS/Source/CMSIS_RTOS_V2/cmsis_os2.o
                0x0000000008008408                osThreadFlagsClear
 .text.osThreadFlagsWait
                0x0000000008008484      0x102 ./Middlewares/Third_Party/FreeRTOS/Source/CMSIS_RTOS_V2/cmsis_os2.o
                0x0000000008008484                osThreadFlagsWait
 .text.osDelay  0x0000000008008586       0x36 ./Middlewares/Third_Party/FreeRTOS/Source/CMSIS_RTOS_V2/cmsis_os2.o
                0x0000000008008586                osDelay
 .text.vApplicationGetIdleTaskMemory
                0x00000000080085bc       0x34 ./Middlewares/Third_Party/FreeRTOS/Source/CMSIS_RTOS_V2/cmsis_os2.o
                0x00000000080085bc                vApplicationGetIdleTaskMemory
 .text.vApplicationGetTimerTaskMemory
                0x00000000080085f0       0x34 ./Middlewares/Third_Party/FreeRTOS/Source/CMSIS_RTOS_V2/cmsis_os2.o
                0x00000000080085f0                vApplicationGetTimerTaskMemory
 .text.vListInitialise
                0x0000000008008624       0x40 ./Middlewares/Third_Party/FreeRTOS/Source/list.o
                0x0000000008008624                vListInitialise
 .text.vListInitialiseItem
                0x0000000008008664       0x1a ./Middlewares/Third_Party/FreeRTOS/Source/list.o
                0x0000000008008664                vListInitialiseItem
 .text.vListInsertEnd
                0x000000000800867e       0x48 ./Middlewares/Third_Party/FreeRTOS/Source/list.o
                0x000000000800867e                vListInsertEnd
 .text.vListInsert
                0x00000000080086c6       0x72 ./Middlewares/Third_Party/FreeRTOS/Source/list.o
                0x00000000080086c6                vListInsert
 .text.uxListRemove
                0x0000000008008738       0x54 ./Middlewares/Third_Party/FreeRTOS/Source/list.o
                0x0000000008008738                uxListRemove
 .text.xQueueGenericReset
                0x000000000800878c       0xd0 ./Middlewares/Third_Party/FreeRTOS/Source/queue.o
                0x000000000800878c                xQueueGenericReset
 .text.xQueueGenericCreateStatic
                0x000000000800885c       0xf0 ./Middlewares/Third_Party/FreeRTOS/Source/queue.o
                0x000000000800885c                xQueueGenericCreateStatic
 .text.prvInitialiseNewQueue
                0x000000000800894c       0x46 ./Middlewares/Third_Party/FreeRTOS/Source/queue.o
 *fill*         0x0000000008008992        0x2 
 .text.xQueueGenericSend
                0x0000000008008994      0x1fc ./Middlewares/Third_Party/FreeRTOS/Source/queue.o
                0x0000000008008994                xQueueGenericSend
 .text.xQueueGenericSendFromISR
                0x0000000008008b90      0x136 ./Middlewares/Third_Party/FreeRTOS/Source/queue.o
                0x0000000008008b90                xQueueGenericSendFromISR
 *fill*         0x0000000008008cc6        0x2 
 .text.xQueueReceive
                0x0000000008008cc8      0x1c0 ./Middlewares/Third_Party/FreeRTOS/Source/queue.o
                0x0000000008008cc8                xQueueReceive
 .text.prvCopyDataToQueue
                0x0000000008008e88       0xd4 ./Middlewares/Third_Party/FreeRTOS/Source/queue.o
 .text.prvCopyDataFromQueue
                0x0000000008008f5c       0x4c ./Middlewares/Third_Party/FreeRTOS/Source/queue.o
 .text.prvUnlockQueue
                0x0000000008008fa8       0xa4 ./Middlewares/Third_Party/FreeRTOS/Source/queue.o
 .text.prvIsQueueEmpty
                0x000000000800904c       0x2c ./Middlewares/Third_Party/FreeRTOS/Source/queue.o
 .text.prvIsQueueFull
                0x0000000008009078       0x30 ./Middlewares/Third_Party/FreeRTOS/Source/queue.o
 .text.vQueueAddToRegistry
                0x00000000080090a8       0x54 ./Middlewares/Third_Party/FreeRTOS/Source/queue.o
                0x00000000080090a8                vQueueAddToRegistry
 .text.vQueueWaitForMessageRestricted
                0x00000000080090fc       0x68 ./Middlewares/Third_Party/FreeRTOS/Source/queue.o
                0x00000000080090fc                vQueueWaitForMessageRestricted
 .text.xTaskCreateStatic
                0x0000000008009164       0xba ./Middlewares/Third_Party/FreeRTOS/Source/tasks.o
                0x0000000008009164                xTaskCreateStatic
 .text.xTaskCreate
                0x000000000800921e       0x8a ./Middlewares/Third_Party/FreeRTOS/Source/tasks.o
                0x000000000800921e                xTaskCreate
 .text.prvInitialiseNewTask
                0x00000000080092a8      0x14c ./Middlewares/Third_Party/FreeRTOS/Source/tasks.o
 .text.prvAddNewTaskToReadyList
                0x00000000080093f4       0xe0 ./Middlewares/Third_Party/FreeRTOS/Source/tasks.o
 .text.vTaskDelay
                0x00000000080094d4       0x68 ./Middlewares/Third_Party/FreeRTOS/Source/tasks.o
                0x00000000080094d4                vTaskDelay
 .text.vTaskStartScheduler
                0x000000000800953c       0xe0 ./Middlewares/Third_Party/FreeRTOS/Source/tasks.o
                0x000000000800953c                vTaskStartScheduler
 .text.vTaskSuspendAll
                0x000000000800961c       0x1c ./Middlewares/Third_Party/FreeRTOS/Source/tasks.o
                0x000000000800961c                vTaskSuspendAll
 .text.xTaskResumeAll
                0x0000000008009638      0x13c ./Middlewares/Third_Party/FreeRTOS/Source/tasks.o
                0x0000000008009638                xTaskResumeAll
 .text.xTaskGetTickCount
                0x0000000008009774       0x20 ./Middlewares/Third_Party/FreeRTOS/Source/tasks.o
                0x0000000008009774                xTaskGetTickCount
 .text.xTaskIncrementTick
                0x0000000008009794      0x174 ./Middlewares/Third_Party/FreeRTOS/Source/tasks.o
                0x0000000008009794                xTaskIncrementTick
 .text.vTaskSwitchContext
                0x0000000008009908       0xc8 ./Middlewares/Third_Party/FreeRTOS/Source/tasks.o
                0x0000000008009908                vTaskSwitchContext
 .text.vTaskPlaceOnEventList
                0x00000000080099d0       0x48 ./Middlewares/Third_Party/FreeRTOS/Source/tasks.o
                0x00000000080099d0                vTaskPlaceOnEventList
 .text.vTaskPlaceOnEventListRestricted
                0x0000000008009a18       0x58 ./Middlewares/Third_Party/FreeRTOS/Source/tasks.o
                0x0000000008009a18                vTaskPlaceOnEventListRestricted
 .text.xTaskRemoveFromEventList
                0x0000000008009a70       0xc8 ./Middlewares/Third_Party/FreeRTOS/Source/tasks.o
                0x0000000008009a70                xTaskRemoveFromEventList
 .text.vTaskInternalSetTimeOutState
                0x0000000008009b38       0x2c ./Middlewares/Third_Party/FreeRTOS/Source/tasks.o
                0x0000000008009b38                vTaskInternalSetTimeOutState
 .text.xTaskCheckForTimeOut
                0x0000000008009b64       0xc4 ./Middlewares/Third_Party/FreeRTOS/Source/tasks.o
                0x0000000008009b64                xTaskCheckForTimeOut
 .text.vTaskMissedYield
                0x0000000008009c28       0x18 ./Middlewares/Third_Party/FreeRTOS/Source/tasks.o
                0x0000000008009c28                vTaskMissedYield
 .text.prvIdleTask
                0x0000000008009c40       0x30 ./Middlewares/Third_Party/FreeRTOS/Source/tasks.o
 .text.prvInitialiseTaskLists
                0x0000000008009c70       0x80 ./Middlewares/Third_Party/FreeRTOS/Source/tasks.o
 .text.prvCheckTasksWaitingTermination
                0x0000000008009cf0       0x5c ./Middlewares/Third_Party/FreeRTOS/Source/tasks.o
 .text.prvDeleteTCB
                0x0000000008009d4c       0x68 ./Middlewares/Third_Party/FreeRTOS/Source/tasks.o
 .text.prvResetNextTaskUnblockTime
                0x0000000008009db4       0x40 ./Middlewares/Third_Party/FreeRTOS/Source/tasks.o
 .text.xTaskGetCurrentTaskHandle
                0x0000000008009df4       0x20 ./Middlewares/Third_Party/FreeRTOS/Source/tasks.o
                0x0000000008009df4                xTaskGetCurrentTaskHandle
 .text.xTaskGetSchedulerState
                0x0000000008009e14       0x3c ./Middlewares/Third_Party/FreeRTOS/Source/tasks.o
                0x0000000008009e14                xTaskGetSchedulerState
 .text.xTaskPriorityDisinherit
                0x0000000008009e50       0xdc ./Middlewares/Third_Party/FreeRTOS/Source/tasks.o
                0x0000000008009e50                xTaskPriorityDisinherit
 .text.xTaskNotifyWait
                0x0000000008009f2c       0xc0 ./Middlewares/Third_Party/FreeRTOS/Source/tasks.o
                0x0000000008009f2c                xTaskNotifyWait
 .text.xTaskGenericNotify
                0x0000000008009fec      0x17c ./Middlewares/Third_Party/FreeRTOS/Source/tasks.o
                0x0000000008009fec                xTaskGenericNotify
 .text.xTaskGenericNotifyFromISR
                0x000000000800a168      0x1c8 ./Middlewares/Third_Party/FreeRTOS/Source/tasks.o
                0x000000000800a168                xTaskGenericNotifyFromISR
 .text.prvAddCurrentTaskToDelayedList
                0x000000000800a330       0xa8 ./Middlewares/Third_Party/FreeRTOS/Source/tasks.o
 .text.xTimerCreateTimerTask
                0x000000000800a3d8       0x90 ./Middlewares/Third_Party/FreeRTOS/Source/timers.o
                0x000000000800a3d8                xTimerCreateTimerTask
 .text.xTimerGenericCommand
                0x000000000800a468       0x9c ./Middlewares/Third_Party/FreeRTOS/Source/timers.o
                0x000000000800a468                xTimerGenericCommand
 .text.prvProcessExpiredTimer
                0x000000000800a504       0x98 ./Middlewares/Third_Party/FreeRTOS/Source/timers.o
 .text.prvTimerTask
                0x000000000800a59c       0x24 ./Middlewares/Third_Party/FreeRTOS/Source/timers.o
 .text.prvProcessTimerOrBlockTask
                0x000000000800a5c0       0x9c ./Middlewares/Third_Party/FreeRTOS/Source/timers.o
 .text.prvGetNextExpireTime
                0x000000000800a65c       0x48 ./Middlewares/Third_Party/FreeRTOS/Source/timers.o
 .text.prvSampleTimeNow
                0x000000000800a6a4       0x40 ./Middlewares/Third_Party/FreeRTOS/Source/timers.o
 .text.prvInsertTimerInActiveList
                0x000000000800a6e4       0x84 ./Middlewares/Third_Party/FreeRTOS/Source/timers.o
 .text.prvProcessReceivedCommands
                0x000000000800a768      0x1c4 ./Middlewares/Third_Party/FreeRTOS/Source/timers.o
 .text.prvSwitchTimerLists
                0x000000000800a92c       0xc8 ./Middlewares/Third_Party/FreeRTOS/Source/timers.o
 .text.prvCheckForValidListAndQueue
                0x000000000800a9f4       0x80 ./Middlewares/Third_Party/FreeRTOS/Source/timers.o
 .text.pxPortInitialiseStack
                0x000000000800aa74       0x68 ./Middlewares/Third_Party/FreeRTOS/Source/portable/GCC/ARM_CM4F/port.o
                0x000000000800aa74                pxPortInitialiseStack
 .text.prvTaskExitError
                0x000000000800aadc       0x58 ./Middlewares/Third_Party/FreeRTOS/Source/portable/GCC/ARM_CM4F/port.o
 *fill*         0x000000000800ab34        0xc 
 .text.SVC_Handler
                0x000000000800ab40       0x28 ./Middlewares/Third_Party/FreeRTOS/Source/portable/GCC/ARM_CM4F/port.o
                0x000000000800ab40                SVC_Handler
 .text.prvPortStartFirstTask
                0x000000000800ab68       0x28 ./Middlewares/Third_Party/FreeRTOS/Source/portable/GCC/ARM_CM4F/port.o
 .text.xPortStartScheduler
                0x000000000800ab90      0x144 ./Middlewares/Third_Party/FreeRTOS/Source/portable/GCC/ARM_CM4F/port.o
                0x000000000800ab90                xPortStartScheduler
 .text.vPortEnterCritical
                0x000000000800acd4       0x60 ./Middlewares/Third_Party/FreeRTOS/Source/portable/GCC/ARM_CM4F/port.o
                0x000000000800acd4                vPortEnterCritical
 .text.vPortExitCritical
                0x000000000800ad34       0x54 ./Middlewares/Third_Party/FreeRTOS/Source/portable/GCC/ARM_CM4F/port.o
                0x000000000800ad34                vPortExitCritical
 *fill*         0x000000000800ad88        0x8 
 .text.PendSV_Handler
                0x000000000800ad90       0x68 ./Middlewares/Third_Party/FreeRTOS/Source/portable/GCC/ARM_CM4F/port.o
                0x000000000800ad90                PendSV_Handler
 .text.xPortSysTickHandler
                0x000000000800adf8       0x44 ./Middlewares/Third_Party/FreeRTOS/Source/portable/GCC/ARM_CM4F/port.o
                0x000000000800adf8                xPortSysTickHandler
 .text.vPortSetupTimerInterrupt
                0x000000000800ae3c       0x48 ./Middlewares/Third_Party/FreeRTOS/Source/portable/GCC/ARM_CM4F/port.o
                0x000000000800ae3c                vPortSetupTimerInterrupt
 .text.vPortEnableVFP
                0x000000000800ae84       0x14 ./Middlewares/Third_Party/FreeRTOS/Source/portable/GCC/ARM_CM4F/port.o
 .text.vPortValidateInterruptPriority
                0x000000000800ae98       0x80 ./Middlewares/Third_Party/FreeRTOS/Source/portable/GCC/ARM_CM4F/port.o
                0x000000000800ae98                vPortValidateInterruptPriority
 .text.pvPortMalloc
                0x000000000800af18      0x198 ./Middlewares/Third_Party/FreeRTOS/Source/portable/MemMang/heap_4.o
                0x000000000800af18                pvPortMalloc
 .text.vPortFree
                0x000000000800b0b0       0xc4 ./Middlewares/Third_Party/FreeRTOS/Source/portable/MemMang/heap_4.o
                0x000000000800b0b0                vPortFree
 .text.prvHeapInit
                0x000000000800b174       0xc4 ./Middlewares/Third_Party/FreeRTOS/Source/portable/MemMang/heap_4.o
 .text.prvInsertBlockIntoFreeList
                0x000000000800b238       0xb4 ./Middlewares/Third_Party/FreeRTOS/Source/portable/MemMang/heap_4.o
 .text._ZdlPvj  0x000000000800b2ec        0x4 c:/st/stm32cubeide/stm32cubeide/plugins/com.st.stm32cube.ide.mcu.externaltools.gnu-tools-for-stm32.9-2020-q2-update.win32_2.0.0.202105311346/tools/bin/../lib/gcc/arm-none-eabi/9.3.1/../../../../arm-none-eabi/lib/thumb/v7e-m+fp/hard\libstdc++_nano.a(del_ops.o)
                0x000000000800b2ec                operator delete(void*, unsigned int)
 .text._ZdlPv   0x000000000800b2f0        0x4 c:/st/stm32cubeide/stm32cubeide/plugins/com.st.stm32cube.ide.mcu.externaltools.gnu-tools-for-stm32.9-2020-q2-update.win32_2.0.0.202105311346/tools/bin/../lib/gcc/arm-none-eabi/9.3.1/../../../../arm-none-eabi/lib/thumb/v7e-m+fp/hard\libstdc++_nano.a(del_op.o)
                0x000000000800b2f0                operator delete(void*)
 .text.__errno  0x000000000800b2f4        0xc c:/st/stm32cubeide/stm32cubeide/plugins/com.st.stm32cube.ide.mcu.externaltools.gnu-tools-for-stm32.9-2020-q2-update.win32_2.0.0.202105311346/tools/bin/../lib/gcc/arm-none-eabi/9.3.1/../../../../arm-none-eabi/lib/thumb/v7e-m+fp/hard\libc_nano.a(lib_a-errno.o)
                0x000000000800b2f4                __errno
 .text.std      0x000000000800b300       0x48 c:/st/stm32cubeide/stm32cubeide/plugins/com.st.stm32cube.ide.mcu.externaltools.gnu-tools-for-stm32.9-2020-q2-update.win32_2.0.0.202105311346/tools/bin/../lib/gcc/arm-none-eabi/9.3.1/../../../../arm-none-eabi/lib/thumb/v7e-m+fp/hard\libc_nano.a(lib_a-findfp.o)
 .text._cleanup_r
                0x000000000800b348        0xc c:/st/stm32cubeide/stm32cubeide/plugins/com.st.stm32cube.ide.mcu.externaltools.gnu-tools-for-stm32.9-2020-q2-update.win32_2.0.0.202105311346/tools/bin/../lib/gcc/arm-none-eabi/9.3.1/../../../../arm-none-eabi/lib/thumb/v7e-m+fp/hard\libc_nano.a(lib_a-findfp.o)
                0x000000000800b348                _cleanup_r
 .text.__sfmoreglue
                0x000000000800b354       0x2c c:/st/stm32cubeide/stm32cubeide/plugins/com.st.stm32cube.ide.mcu.externaltools.gnu-tools-for-stm32.9-2020-q2-update.win32_2.0.0.202105311346/tools/bin/../lib/gcc/arm-none-eabi/9.3.1/../../../../arm-none-eabi/lib/thumb/v7e-m+fp/hard\libc_nano.a(lib_a-findfp.o)
                0x000000000800b354                __sfmoreglue
 .text.__sfp_lock_acquire
                0x000000000800b380        0xc c:/st/stm32cubeide/stm32cubeide/plugins/com.st.stm32cube.ide.mcu.externaltools.gnu-tools-for-stm32.9-2020-q2-update.win32_2.0.0.202105311346/tools/bin/../lib/gcc/arm-none-eabi/9.3.1/../../../../arm-none-eabi/lib/thumb/v7e-m+fp/hard\libc_nano.a(lib_a-findfp.o)
                0x000000000800b380                __sfp_lock_acquire
 .text.__sfp_lock_release
                0x000000000800b38c        0xc c:/st/stm32cubeide/stm32cubeide/plugins/com.st.stm32cube.ide.mcu.externaltools.gnu-tools-for-stm32.9-2020-q2-update.win32_2.0.0.202105311346/tools/bin/../lib/gcc/arm-none-eabi/9.3.1/../../../../arm-none-eabi/lib/thumb/v7e-m+fp/hard\libc_nano.a(lib_a-findfp.o)
                0x000000000800b38c                __sfp_lock_release
 .text.__sinit_lock_acquire
                0x000000000800b398        0xc c:/st/stm32cubeide/stm32cubeide/plugins/com.st.stm32cube.ide.mcu.externaltools.gnu-tools-for-stm32.9-2020-q2-update.win32_2.0.0.202105311346/tools/bin/../lib/gcc/arm-none-eabi/9.3.1/../../../../arm-none-eabi/lib/thumb/v7e-m+fp/hard\libc_nano.a(lib_a-findfp.o)
                0x000000000800b398                __sinit_lock_acquire
 .text.__sinit_lock_release
                0x000000000800b3a4        0xc c:/st/stm32cubeide/stm32cubeide/plugins/com.st.stm32cube.ide.mcu.externaltools.gnu-tools-for-stm32.9-2020-q2-update.win32_2.0.0.202105311346/tools/bin/../lib/gcc/arm-none-eabi/9.3.1/../../../../arm-none-eabi/lib/thumb/v7e-m+fp/hard\libc_nano.a(lib_a-findfp.o)
                0x000000000800b3a4                __sinit_lock_release
 .text.__sinit  0x000000000800b3b0       0x70 c:/st/stm32cubeide/stm32cubeide/plugins/com.st.stm32cube.ide.mcu.externaltools.gnu-tools-for-stm32.9-2020-q2-update.win32_2.0.0.202105311346/tools/bin/../lib/gcc/arm-none-eabi/9.3.1/../../../../arm-none-eabi/lib/thumb/v7e-m+fp/hard\libc_nano.a(lib_a-findfp.o)
                0x000000000800b3b0                __sinit
 .text.__sfp    0x000000000800b420       0x8c c:/st/stm32cubeide/stm32cubeide/plugins/com.st.stm32cube.ide.mcu.externaltools.gnu-tools-for-stm32.9-2020-q2-update.win32_2.0.0.202105311346/tools/bin/../lib/gcc/arm-none-eabi/9.3.1/../../../../arm-none-eabi/lib/thumb/v7e-m+fp/hard\libc_nano.a(lib_a-findfp.o)
                0x000000000800b420                __sfp
 .text._fwalk_reent
                0x000000000800b4ac       0x3e c:/st/stm32cubeide/stm32cubeide/plugins/com.st.stm32cube.ide.mcu.externaltools.gnu-tools-for-stm32.9-2020-q2-update.win32_2.0.0.202105311346/tools/bin/../lib/gcc/arm-none-eabi/9.3.1/../../../../arm-none-eabi/lib/thumb/v7e-m+fp/hard\libc_nano.a(lib_a-fwalk.o)
                0x000000000800b4ac                _fwalk_reent
 *fill*         0x000000000800b4ea        0x2 
 .text.__libc_init_array
                0x000000000800b4ec       0x48 c:/st/stm32cubeide/stm32cubeide/plugins/com.st.stm32cube.ide.mcu.externaltools.gnu-tools-for-stm32.9-2020-q2-update.win32_2.0.0.202105311346/tools/bin/../lib/gcc/arm-none-eabi/9.3.1/../../../../arm-none-eabi/lib/thumb/v7e-m+fp/hard\libc_nano.a(lib_a-init.o)
                0x000000000800b4ec                __libc_init_array
 .text.__retarget_lock_init_recursive
                0x000000000800b534        0x2 c:/st/stm32cubeide/stm32cubeide/plugins/com.st.stm32cube.ide.mcu.externaltools.gnu-tools-for-stm32.9-2020-q2-update.win32_2.0.0.202105311346/tools/bin/../lib/gcc/arm-none-eabi/9.3.1/../../../../arm-none-eabi/lib/thumb/v7e-m+fp/hard\libc_nano.a(lib_a-lock.o)
                0x000000000800b534                __retarget_lock_init_recursive
 .text.__retarget_lock_acquire_recursive
                0x000000000800b536        0x2 c:/st/stm32cubeide/stm32cubeide/plugins/com.st.stm32cube.ide.mcu.externaltools.gnu-tools-for-stm32.9-2020-q2-update.win32_2.0.0.202105311346/tools/bin/../lib/gcc/arm-none-eabi/9.3.1/../../../../arm-none-eabi/lib/thumb/v7e-m+fp/hard\libc_nano.a(lib_a-lock.o)
                0x000000000800b536                __retarget_lock_acquire_recursive
 .text.__retarget_lock_release_recursive
                0x000000000800b538        0x2 c:/st/stm32cubeide/stm32cubeide/plugins/com.st.stm32cube.ide.mcu.externaltools.gnu-tools-for-stm32.9-2020-q2-update.win32_2.0.0.202105311346/tools/bin/../lib/gcc/arm-none-eabi/9.3.1/../../../../arm-none-eabi/lib/thumb/v7e-m+fp/hard\libc_nano.a(lib_a-lock.o)
                0x000000000800b538                __retarget_lock_release_recursive
 *fill*         0x000000000800b53a        0x2 
 .text.free     0x000000000800b53c       0x10 c:/st/stm32cubeide/stm32cubeide/plugins/com.st.stm32cube.ide.mcu.externaltools.gnu-tools-for-stm32.9-2020-q2-update.win32_2.0.0.202105311346/tools/bin/../lib/gcc/arm-none-eabi/9.3.1/../../../../arm-none-eabi/lib/thumb/v7e-m+fp/hard\libc_nano.a(lib_a-malloc.o)
                0x000000000800b53c                free
 .text.memcpy   0x000000000800b54c       0x1c c:/st/stm32cubeide/stm32cubeide/plugins/com.st.stm32cube.ide.mcu.externaltools.gnu-tools-for-stm32.9-2020-q2-update.win32_2.0.0.202105311346/tools/bin/../lib/gcc/arm-none-eabi/9.3.1/../../../../arm-none-eabi/lib/thumb/v7e-m+fp/hard\libc_nano.a(lib_a-memcpy-stub.o)
                0x000000000800b54c                memcpy
 .text.memset   0x000000000800b568       0x10 c:/st/stm32cubeide/stm32cubeide/plugins/com.st.stm32cube.ide.mcu.externaltools.gnu-tools-for-stm32.9-2020-q2-update.win32_2.0.0.202105311346/tools/bin/../lib/gcc/arm-none-eabi/9.3.1/../../../../arm-none-eabi/lib/thumb/v7e-m+fp/hard\libc_nano.a(lib_a-memset.o)
                0x000000000800b568                memset
 .text._free_r  0x000000000800b578       0xa0 c:/st/stm32cubeide/stm32cubeide/plugins/com.st.stm32cube.ide.mcu.externaltools.gnu-tools-for-stm32.9-2020-q2-update.win32_2.0.0.202105311346/tools/bin/../lib/gcc/arm-none-eabi/9.3.1/../../../../arm-none-eabi/lib/thumb/v7e-m+fp/hard\libc_nano.a(lib_a-nano-freer.o)
                0x000000000800b578                _free_r
 .text._malloc_r
                0x000000000800b618       0xb4 c:/st/stm32cubeide/stm32cubeide/plugins/com.st.stm32cube.ide.mcu.externaltools.gnu-tools-for-stm32.9-2020-q2-update.win32_2.0.0.202105311346/tools/bin/../lib/gcc/arm-none-eabi/9.3.1/../../../../arm-none-eabi/lib/thumb/v7e-m+fp/hard\libc_nano.a(lib_a-nano-mallocr.o)
                0x000000000800b618                _malloc_r
 .text._puts_r  0x000000000800b6cc       0xdc c:/st/stm32cubeide/stm32cubeide/plugins/com.st.stm32cube.ide.mcu.externaltools.gnu-tools-for-stm32.9-2020-q2-update.win32_2.0.0.202105311346/tools/bin/../lib/gcc/arm-none-eabi/9.3.1/../../../../arm-none-eabi/lib/thumb/v7e-m+fp/hard\libc_nano.a(lib_a-puts.o)
                0x000000000800b6cc                _puts_r
 .text.puts     0x000000000800b7a8       0x10 c:/st/stm32cubeide/stm32cubeide/plugins/com.st.stm32cube.ide.mcu.externaltools.gnu-tools-for-stm32.9-2020-q2-update.win32_2.0.0.202105311346/tools/bin/../lib/gcc/arm-none-eabi/9.3.1/../../../../arm-none-eabi/lib/thumb/v7e-m+fp/hard\libc_nano.a(lib_a-puts.o)
                0x000000000800b7a8                puts
 .text.cleanup_glue
                0x000000000800b7b8       0x1a c:/st/stm32cubeide/stm32cubeide/plugins/com.st.stm32cube.ide.mcu.externaltools.gnu-tools-for-stm32.9-2020-q2-update.win32_2.0.0.202105311346/tools/bin/../lib/gcc/arm-none-eabi/9.3.1/../../../../arm-none-eabi/lib/thumb/v7e-m+fp/hard\libc_nano.a(lib_a-reent.o)
                0x000000000800b7b8                cleanup_glue
 *fill*         0x000000000800b7d2        0x2 
 .text._reclaim_reent
                0x000000000800b7d4       0xb8 c:/st/stm32cubeide/stm32cubeide/plugins/com.st.stm32cube.ide.mcu.externaltools.gnu-tools-for-stm32.9-2020-q2-update.win32_2.0.0.202105311346/tools/bin/../lib/gcc/arm-none-eabi/9.3.1/../../../../arm-none-eabi/lib/thumb/v7e-m+fp/hard\libc_nano.a(lib_a-reent.o)
                0x000000000800b7d4                _reclaim_reent
 .text._sbrk_r  0x000000000800b88c       0x20 c:/st/stm32cubeide/stm32cubeide/plugins/com.st.stm32cube.ide.mcu.externaltools.gnu-tools-for-stm32.9-2020-q2-update.win32_2.0.0.202105311346/tools/bin/../lib/gcc/arm-none-eabi/9.3.1/../../../../arm-none-eabi/lib/thumb/v7e-m+fp/hard\libc_nano.a(lib_a-sbrkr.o)
                0x000000000800b88c                _sbrk_r
 .text.__sread  0x000000000800b8ac       0x22 c:/st/stm32cubeide/stm32cubeide/plugins/com.st.stm32cube.ide.mcu.externaltools.gnu-tools-for-stm32.9-2020-q2-update.win32_2.0.0.202105311346/tools/bin/../lib/gcc/arm-none-eabi/9.3.1/../../../../arm-none-eabi/lib/thumb/v7e-m+fp/hard\libc_nano.a(lib_a-stdio.o)
                0x000000000800b8ac                __sread
 .text.__swrite
                0x000000000800b8ce       0x38 c:/st/stm32cubeide/stm32cubeide/plugins/com.st.stm32cube.ide.mcu.externaltools.gnu-tools-for-stm32.9-2020-q2-update.win32_2.0.0.202105311346/tools/bin/../lib/gcc/arm-none-eabi/9.3.1/../../../../arm-none-eabi/lib/thumb/v7e-m+fp/hard\libc_nano.a(lib_a-stdio.o)
                0x000000000800b8ce                __swrite
 .text.__sseek  0x000000000800b906       0x24 c:/st/stm32cubeide/stm32cubeide/plugins/com.st.stm32cube.ide.mcu.externaltools.gnu-tools-for-stm32.9-2020-q2-update.win32_2.0.0.202105311346/tools/bin/../lib/gcc/arm-none-eabi/9.3.1/../../../../arm-none-eabi/lib/thumb/v7e-m+fp/hard\libc_nano.a(lib_a-stdio.o)
                0x000000000800b906                __sseek
 .text.__sclose
                0x000000000800b92a        0x8 c:/st/stm32cubeide/stm32cubeide/plugins/com.st.stm32cube.ide.mcu.externaltools.gnu-tools-for-stm32.9-2020-q2-update.win32_2.0.0.202105311346/tools/bin/../lib/gcc/arm-none-eabi/9.3.1/../../../../arm-none-eabi/lib/thumb/v7e-m+fp/hard\libc_nano.a(lib_a-stdio.o)
                0x000000000800b92a                __sclose
 .text.strcat   0x000000000800b932       0x1e c:/st/stm32cubeide/stm32cubeide/plugins/com.st.stm32cube.ide.mcu.externaltools.gnu-tools-for-stm32.9-2020-q2-update.win32_2.0.0.202105311346/tools/bin/../lib/gcc/arm-none-eabi/9.3.1/../../../../arm-none-eabi/lib/thumb/v7e-m+fp/hard\libc_nano.a(lib_a-strcat.o)
                0x000000000800b932                strcat
 .text.strcpy   0x000000000800b950       0x10 c:/st/stm32cubeide/stm32cubeide/plugins/com.st.stm32cube.ide.mcu.externaltools.gnu-tools-for-stm32.9-2020-q2-update.win32_2.0.0.202105311346/tools/bin/../lib/gcc/arm-none-eabi/9.3.1/../../../../arm-none-eabi/lib/thumb/v7e-m+fp/hard\libc_nano.a(lib_a-strcpy.o)
                0x000000000800b950                strcpy
 .text.__swbuf_r
                0x000000000800b960       0xa4 c:/st/stm32cubeide/stm32cubeide/plugins/com.st.stm32cube.ide.mcu.externaltools.gnu-tools-for-stm32.9-2020-q2-update.win32_2.0.0.202105311346/tools/bin/../lib/gcc/arm-none-eabi/9.3.1/../../../../arm-none-eabi/lib/thumb/v7e-m+fp/hard\libc_nano.a(lib_a-wbuf.o)
                0x000000000800b960                __swbuf_r
 .text._write_r
                0x000000000800ba04       0x24 c:/st/stm32cubeide/stm32cubeide/plugins/com.st.stm32cube.ide.mcu.externaltools.gnu-tools-for-stm32.9-2020-q2-update.win32_2.0.0.202105311346/tools/bin/../lib/gcc/arm-none-eabi/9.3.1/../../../../arm-none-eabi/lib/thumb/v7e-m+fp/hard\libc_nano.a(lib_a-writer.o)
                0x000000000800ba04                _write_r
 .text.__swsetup_r
                0x000000000800ba28       0xdc c:/st/stm32cubeide/stm32cubeide/plugins/com.st.stm32cube.ide.mcu.externaltools.gnu-tools-for-stm32.9-2020-q2-update.win32_2.0.0.202105311346/tools/bin/../lib/gcc/arm-none-eabi/9.3.1/../../../../arm-none-eabi/lib/thumb/v7e-m+fp/hard\libc_nano.a(lib_a-wsetup.o)
                0x000000000800ba28                __swsetup_r
 .text._close_r
                0x000000000800bb04       0x20 c:/st/stm32cubeide/stm32cubeide/plugins/com.st.stm32cube.ide.mcu.externaltools.gnu-tools-for-stm32.9-2020-q2-update.win32_2.0.0.202105311346/tools/bin/../lib/gcc/arm-none-eabi/9.3.1/../../../../arm-none-eabi/lib/thumb/v7e-m+fp/hard\libc_nano.a(lib_a-closer.o)
                0x000000000800bb04                _close_r
 .text.__sflush_r
                0x000000000800bb24      0x10c c:/st/stm32cubeide/stm32cubeide/plugins/com.st.stm32cube.ide.mcu.externaltools.gnu-tools-for-stm32.9-2020-q2-update.win32_2.0.0.202105311346/tools/bin/../lib/gcc/arm-none-eabi/9.3.1/../../../../arm-none-eabi/lib/thumb/v7e-m+fp/hard\libc_nano.a(lib_a-fflush.o)
                0x000000000800bb24                __sflush_r
 .text._fflush_r
                0x000000000800bc30       0x78 c:/st/stm32cubeide/stm32cubeide/plugins/com.st.stm32cube.ide.mcu.externaltools.gnu-tools-for-stm32.9-2020-q2-update.win32_2.0.0.202105311346/tools/bin/../lib/gcc/arm-none-eabi/9.3.1/../../../../arm-none-eabi/lib/thumb/v7e-m+fp/hard\libc_nano.a(lib_a-fflush.o)
                0x000000000800bc30                _fflush_r
 .text._lseek_r
                0x000000000800bca8       0x24 c:/st/stm32cubeide/stm32cubeide/plugins/com.st.stm32cube.ide.mcu.externaltools.gnu-tools-for-stm32.9-2020-q2-update.win32_2.0.0.202105311346/tools/bin/../lib/gcc/arm-none-eabi/9.3.1/../../../../arm-none-eabi/lib/thumb/v7e-m+fp/hard\libc_nano.a(lib_a-lseekr.o)
                0x000000000800bca8                _lseek_r
 .text.__swhatbuf_r
                0x000000000800bccc       0x48 c:/st/stm32cubeide/stm32cubeide/plugins/com.st.stm32cube.ide.mcu.externaltools.gnu-tools-for-stm32.9-2020-q2-update.win32_2.0.0.202105311346/tools/bin/../lib/gcc/arm-none-eabi/9.3.1/../../../../arm-none-eabi/lib/thumb/v7e-m+fp/hard\libc_nano.a(lib_a-makebuf.o)
                0x000000000800bccc                __swhatbuf_r
 .text.__smakebuf_r
                0x000000000800bd14       0x80 c:/st/stm32cubeide/stm32cubeide/plugins/com.st.stm32cube.ide.mcu.externaltools.gnu-tools-for-stm32.9-2020-q2-update.win32_2.0.0.202105311346/tools/bin/../lib/gcc/arm-none-eabi/9.3.1/../../../../arm-none-eabi/lib/thumb/v7e-m+fp/hard\libc_nano.a(lib_a-makebuf.o)
                0x000000000800bd14                __smakebuf_r
 .text.__malloc_lock
                0x000000000800bd94        0xc c:/st/stm32cubeide/stm32cubeide/plugins/com.st.stm32cube.ide.mcu.externaltools.gnu-tools-for-stm32.9-2020-q2-update.win32_2.0.0.202105311346/tools/bin/../lib/gcc/arm-none-eabi/9.3.1/../../../../arm-none-eabi/lib/thumb/v7e-m+fp/hard\libc_nano.a(lib_a-mlock.o)
                0x000000000800bd94                __malloc_lock
 .text.__malloc_unlock
                0x000000000800bda0        0xc c:/st/stm32cubeide/stm32cubeide/plugins/com.st.stm32cube.ide.mcu.externaltools.gnu-tools-for-stm32.9-2020-q2-update.win32_2.0.0.202105311346/tools/bin/../lib/gcc/arm-none-eabi/9.3.1/../../../../arm-none-eabi/lib/thumb/v7e-m+fp/hard\libc_nano.a(lib_a-mlock.o)
                0x000000000800bda0                __malloc_unlock
 .text._read_r  0x000000000800bdac       0x24 c:/st/stm32cubeide/stm32cubeide/plugins/com.st.stm32cube.ide.mcu.externaltools.gnu-tools-for-stm32.9-2020-q2-update.win32_2.0.0.202105311346/tools/bin/../lib/gcc/arm-none-eabi/9.3.1/../../../../arm-none-eabi/lib/thumb/v7e-m+fp/hard\libc_nano.a(lib_a-readr.o)
                0x000000000800bdac                _read_r
 .text._fstat_r
                0x000000000800bdd0       0x24 c:/st/stm32cubeide/stm32cubeide/plugins/com.st.stm32cube.ide.mcu.externaltools.gnu-tools-for-stm32.9-2020-q2-update.win32_2.0.0.202105311346/tools/bin/../lib/gcc/arm-none-eabi/9.3.1/../../../../arm-none-eabi/lib/thumb/v7e-m+fp/hard\libc_nano.a(lib_a-fstatr.o)
                0x000000000800bdd0                _fstat_r
 .text._isatty_r
                0x000000000800bdf4       0x20 c:/st/stm32cubeide/stm32cubeide/plugins/com.st.stm32cube.ide.mcu.externaltools.gnu-tools-for-stm32.9-2020-q2-update.win32_2.0.0.202105311346/tools/bin/../lib/gcc/arm-none-eabi/9.3.1/../../../../arm-none-eabi/lib/thumb/v7e-m+fp/hard\libc_nano.a(lib_a-isattyr.o)
                0x000000000800bdf4                _isatty_r
 *(.glue_7)
 .glue_7        0x000000000800be14        0x0 linker stubs
 *(.glue_7t)
 .glue_7t       0x000000000800be14        0x0 linker stubs
 *(.eh_frame)
 .eh_frame      0x000000000800be14        0x0 c:/st/stm32cubeide/stm32cubeide/plugins/com.st.stm32cube.ide.mcu.externaltools.gnu-tools-for-stm32.9-2020-q2-update.win32_2.0.0.202105311346/tools/bin/../lib/gcc/arm-none-eabi/9.3.1/thumb/v7e-m+fp/hard/crtbegin.o
 *(.init)
 .init          0x000000000800be14        0x4 c:/st/stm32cubeide/stm32cubeide/plugins/com.st.stm32cube.ide.mcu.externaltools.gnu-tools-for-stm32.9-2020-q2-update.win32_2.0.0.202105311346/tools/bin/../lib/gcc/arm-none-eabi/9.3.1/thumb/v7e-m+fp/hard/crti.o
                0x000000000800be14                _init
 .init          0x000000000800be18        0x8 c:/st/stm32cubeide/stm32cubeide/plugins/com.st.stm32cube.ide.mcu.externaltools.gnu-tools-for-stm32.9-2020-q2-update.win32_2.0.0.202105311346/tools/bin/../lib/gcc/arm-none-eabi/9.3.1/thumb/v7e-m+fp/hard/crtn.o
 *(.fini)
 .fini          0x000000000800be20        0x4 c:/st/stm32cubeide/stm32cubeide/plugins/com.st.stm32cube.ide.mcu.externaltools.gnu-tools-for-stm32.9-2020-q2-update.win32_2.0.0.202105311346/tools/bin/../lib/gcc/arm-none-eabi/9.3.1/thumb/v7e-m+fp/hard/crti.o
                0x000000000800be20                _fini
 .fini          0x000000000800be24        0x8 c:/st/stm32cubeide/stm32cubeide/plugins/com.st.stm32cube.ide.mcu.externaltools.gnu-tools-for-stm32.9-2020-q2-update.win32_2.0.0.202105311346/tools/bin/../lib/gcc/arm-none-eabi/9.3.1/thumb/v7e-m+fp/hard/crtn.o
                0x000000000800be2c                . = ALIGN (0x4)
                0x000000000800be2c                _etext = .

.vfp11_veneer   0x000000000800be2c        0x0
 .vfp11_veneer  0x000000000800be2c        0x0 linker stubs

.v4_bx          0x000000000800be2c        0x0
 .v4_bx         0x000000000800be2c        0x0 linker stubs

.iplt           0x000000000800be2c        0x0
 .iplt          0x000000000800be2c        0x0 c:/st/stm32cubeide/stm32cubeide/plugins/com.st.stm32cube.ide.mcu.externaltools.gnu-tools-for-stm32.9-2020-q2-update.win32_2.0.0.202105311346/tools/bin/../lib/gcc/arm-none-eabi/9.3.1/thumb/v7e-m+fp/hard/crtbegin.o

.rodata         0x000000000800be2c      0x1c0
                0x000000000800be2c                . = ALIGN (0x4)
 *(.rodata)
 .rodata        0x000000000800be2c       0xac ./Core/Src/main.o
 .rodata        0x000000000800bed8        0x5 ./Middlewares/Third_Party/FreeRTOS/Source/tasks.o
 *fill*         0x000000000800bedd        0x3 
 .rodata        0x000000000800bee0        0xd ./Middlewares/Third_Party/FreeRTOS/Source/timers.o
 *(.rodata*)
 *fill*         0x000000000800beed        0x3 
 .rodata._ZTV3LCD
                0x000000000800bef0       0x10 ./Core/Src/LCD.o
                0x000000000800bef0                vtable for LCD
 .rodata._ZL22MainGUITask_attributes
                0x000000000800bf00       0x24 ./Core/Src/main.o
 .rodata._ZL24VibrationTask_attributes
                0x000000000800bf24       0x24 ./Core/Src/main.o
 .rodata.AHBPrescTable
                0x000000000800bf48       0x10 ./Core/Src/system_stm32g4xx.o
                0x000000000800bf48                AHBPrescTable
 .rodata.APBPrescTable
                0x000000000800bf58        0x8 ./Core/Src/system_stm32g4xx.o
                0x000000000800bf58                APBPrescTable
 .rodata.UARTPrescTable
                0x000000000800bf60       0x18 ./Drivers/STM32G4xx_HAL_Driver/Src/stm32g4xx_hal_uart.o
                0x000000000800bf60                UARTPrescTable
 .rodata.numerator.8935
                0x000000000800bf78        0x8 ./Drivers/STM32G4xx_HAL_Driver/Src/stm32g4xx_hal_uart_ex.o
 .rodata.denominator.8936
                0x000000000800bf80        0x8 ./Drivers/STM32G4xx_HAL_Driver/Src/stm32g4xx_hal_uart_ex.o
 .rodata.__sf_fake_stderr
                0x000000000800bf88       0x20 c:/st/stm32cubeide/stm32cubeide/plugins/com.st.stm32cube.ide.mcu.externaltools.gnu-tools-for-stm32.9-2020-q2-update.win32_2.0.0.202105311346/tools/bin/../lib/gcc/arm-none-eabi/9.3.1/../../../../arm-none-eabi/lib/thumb/v7e-m+fp/hard\libc_nano.a(lib_a-findfp.o)
                0x000000000800bf88                __sf_fake_stderr
 .rodata.__sf_fake_stdin
                0x000000000800bfa8       0x20 c:/st/stm32cubeide/stm32cubeide/plugins/com.st.stm32cube.ide.mcu.externaltools.gnu-tools-for-stm32.9-2020-q2-update.win32_2.0.0.202105311346/tools/bin/../lib/gcc/arm-none-eabi/9.3.1/../../../../arm-none-eabi/lib/thumb/v7e-m+fp/hard\libc_nano.a(lib_a-findfp.o)
                0x000000000800bfa8                __sf_fake_stdin
 .rodata.__sf_fake_stdout
                0x000000000800bfc8       0x20 c:/st/stm32cubeide/stm32cubeide/plugins/com.st.stm32cube.ide.mcu.externaltools.gnu-tools-for-stm32.9-2020-q2-update.win32_2.0.0.202105311346/tools/bin/../lib/gcc/arm-none-eabi/9.3.1/../../../../arm-none-eabi/lib/thumb/v7e-m+fp/hard\libc_nano.a(lib_a-findfp.o)
                0x000000000800bfc8                __sf_fake_stdout
 .rodata._global_impure_ptr
                0x000000000800bfe8        0x4 c:/st/stm32cubeide/stm32cubeide/plugins/com.st.stm32cube.ide.mcu.externaltools.gnu-tools-for-stm32.9-2020-q2-update.win32_2.0.0.202105311346/tools/bin/../lib/gcc/arm-none-eabi/9.3.1/../../../../arm-none-eabi/lib/thumb/v7e-m+fp/hard\libc_nano.a(lib_a-impure.o)
                0x000000000800bfe8                _global_impure_ptr
                0x000000000800bfec                . = ALIGN (0x4)

.ARM.extab      0x000000000800bfec        0x0
                0x000000000800bfec                . = ALIGN (0x4)
 *(.ARM.extab* .gnu.linkonce.armextab.*)
                0x000000000800bfec                . = ALIGN (0x4)

.ARM            0x000000000800bfec        0x8
                0x000000000800bfec                . = ALIGN (0x4)
                0x000000000800bfec                __exidx_start = .
 *(.ARM.exidx*)
 .ARM.exidx     0x000000000800bfec        0x8 c:/st/stm32cubeide/stm32cubeide/plugins/com.st.stm32cube.ide.mcu.externaltools.gnu-tools-for-stm32.9-2020-q2-update.win32_2.0.0.202105311346/tools/bin/../lib/gcc/arm-none-eabi/9.3.1/thumb/v7e-m+fp/hard\libgcc.a(_udivmoddi4.o)
                0x000000000800bff4                __exidx_end = .
                0x000000000800bff4                . = ALIGN (0x4)

.rel.dyn        0x000000000800bff4        0x0
 .rel.iplt      0x000000000800bff4        0x0 c:/st/stm32cubeide/stm32cubeide/plugins/com.st.stm32cube.ide.mcu.externaltools.gnu-tools-for-stm32.9-2020-q2-update.win32_2.0.0.202105311346/tools/bin/../lib/gcc/arm-none-eabi/9.3.1/thumb/v7e-m+fp/hard/crtbegin.o

.preinit_array  0x000000000800bff4        0x0
                0x000000000800bff4                . = ALIGN (0x4)
                0x000000000800bff4                PROVIDE (__preinit_array_start = .)
 *(.preinit_array*)
                0x000000000800bff4                PROVIDE (__preinit_array_end = .)
                0x000000000800bff4                . = ALIGN (0x4)

.init_array     0x000000000800bff4        0x8
                0x000000000800bff4                . = ALIGN (0x4)
                0x000000000800bff4                PROVIDE (__init_array_start = .)
 *(SORT_BY_NAME(.init_array.*))
 *(.init_array*)
 .init_array    0x000000000800bff4        0x4 c:/st/stm32cubeide/stm32cubeide/plugins/com.st.stm32cube.ide.mcu.externaltools.gnu-tools-for-stm32.9-2020-q2-update.win32_2.0.0.202105311346/tools/bin/../lib/gcc/arm-none-eabi/9.3.1/thumb/v7e-m+fp/hard/crtbegin.o
 .init_array    0x000000000800bff8        0x4 ./Core/Src/main.o
                0x000000000800bffc                PROVIDE (__init_array_end = .)
                0x000000000800bffc                . = ALIGN (0x4)

.fini_array     0x000000000800bffc        0x8
                0x000000000800bffc                . = ALIGN (0x4)
                [!provide]                        PROVIDE (__fini_array_start = .)
 *(SORT_BY_NAME(.fini_array.*))
 *(.fini_array*)
 .fini_array    0x000000000800bffc        0x4 c:/st/stm32cubeide/stm32cubeide/plugins/com.st.stm32cube.ide.mcu.externaltools.gnu-tools-for-stm32.9-2020-q2-update.win32_2.0.0.202105311346/tools/bin/../lib/gcc/arm-none-eabi/9.3.1/thumb/v7e-m+fp/hard/crtbegin.o
 .fini_array    0x000000000800c000        0x4 ./Core/Src/main.o
                [!provide]                        PROVIDE (__fini_array_end = .)
                0x000000000800c004                . = ALIGN (0x4)
                0x000000000800c004                _sidata = LOADADDR (.data)

.data           0x0000000020000000       0x74 load address 0x000000000800c004
                0x0000000020000000                . = ALIGN (0x4)
                0x0000000020000000                _sdata = .
 *(.data)
 *(.data*)
 .data.SystemCoreClock
                0x0000000020000000        0x4 ./Core/Src/system_stm32g4xx.o
                0x0000000020000000                SystemCoreClock
 .data.uwTickPrio
                0x0000000020000004        0x4 ./Drivers/STM32G4xx_HAL_Driver/Src/stm32g4xx_hal.o
                0x0000000020000004                uwTickPrio
 .data.uwTickFreq
                0x0000000020000008        0x4 ./Drivers/STM32G4xx_HAL_Driver/Src/stm32g4xx_hal.o
                0x0000000020000008                uwTickFreq
 .data.uxCriticalNesting
                0x000000002000000c        0x4 ./Middlewares/Third_Party/FreeRTOS/Source/portable/GCC/ARM_CM4F/port.o
 .data._impure_ptr
                0x0000000020000010        0x4 c:/st/stm32cubeide/stm32cubeide/plugins/com.st.stm32cube.ide.mcu.externaltools.gnu-tools-for-stm32.9-2020-q2-update.win32_2.0.0.202105311346/tools/bin/../lib/gcc/arm-none-eabi/9.3.1/../../../../arm-none-eabi/lib/thumb/v7e-m+fp/hard\libc_nano.a(lib_a-impure.o)
                0x0000000020000010                _impure_ptr
 .data.impure_data
                0x0000000020000014       0x60 c:/st/stm32cubeide/stm32cubeide/plugins/com.st.stm32cube.ide.mcu.externaltools.gnu-tools-for-stm32.9-2020-q2-update.win32_2.0.0.202105311346/tools/bin/../lib/gcc/arm-none-eabi/9.3.1/../../../../arm-none-eabi/lib/thumb/v7e-m+fp/hard\libc_nano.a(lib_a-impure.o)
 *(.RamFunc)
 *(.RamFunc*)
                0x0000000020000074                . = ALIGN (0x4)
                0x0000000020000074                _edata = .

.igot.plt       0x0000000020000074        0x0 load address 0x000000000800c078
 .igot.plt      0x0000000020000074        0x0 c:/st/stm32cubeide/stm32cubeide/plugins/com.st.stm32cube.ide.mcu.externaltools.gnu-tools-for-stm32.9-2020-q2-update.win32_2.0.0.202105311346/tools/bin/../lib/gcc/arm-none-eabi/9.3.1/thumb/v7e-m+fp/hard/crtbegin.o
                0x0000000020000074                . = ALIGN (0x4)

.bss            0x0000000020000074     0x1cb0 load address 0x000000000800c078
                0x0000000020000074                _sbss = .
                0x0000000020000074                __bss_start__ = _sbss
 *(.bss)
 .bss           0x0000000020000074       0x1c c:/st/stm32cubeide/stm32cubeide/plugins/com.st.stm32cube.ide.mcu.externaltools.gnu-tools-for-stm32.9-2020-q2-update.win32_2.0.0.202105311346/tools/bin/../lib/gcc/arm-none-eabi/9.3.1/thumb/v7e-m+fp/hard/crtbegin.o
 *(.bss*)
 .bss.hi2c1     0x0000000020000090       0x4c ./Core/Src/main.o
                0x0000000020000090                hi2c1
 .bss.hi2c2     0x00000000200000dc       0x4c ./Core/Src/main.o
                0x00000000200000dc                hi2c2
 .bss.huart2    0x0000000020000128       0x90 ./Core/Src/main.o
                0x0000000020000128                huart2
 .bss.hdma_usart2_rx
                0x00000000200001b8       0x60 ./Core/Src/main.o
                0x00000000200001b8                hdma_usart2_rx
 .bss.hdma_usart2_tx
                0x0000000020000218       0x60 ./Core/Src/main.o
                0x0000000020000218                hdma_usart2_tx
 .bss.MainGUITaskHandle
                0x0000000020000278        0x4 ./Core/Src/main.o
                0x0000000020000278                MainGUITaskHandle
 .bss.VibrationTaskHandle
                0x000000002000027c        0x4 ./Core/Src/main.o
                0x000000002000027c                VibrationTaskHandle
 .bss.drv       0x0000000020000280        0xc ./Core/Src/main.o
                0x0000000020000280                drv
 .bss.lcd       0x000000002000028c       0x18 ./Core/Src/main.o
                0x000000002000028c                lcd
 .bss.uart_data
                0x00000000200002a4        0x1 ./Core/Src/main.o
                0x00000000200002a4                uart_data
 *fill*         0x00000000200002a5        0x3 
 .bss.__sbrk_heap_end
                0x00000000200002a8        0x4 ./Core/Src/sysmem.o
 .bss.KernelState
                0x00000000200002ac        0x4 ./Middlewares/Third_Party/FreeRTOS/Source/CMSIS_RTOS_V2/cmsis_os2.o
 .bss.Idle_TCB.10834
                0x00000000200002b0       0xbc ./Middlewares/Third_Party/FreeRTOS/Source/CMSIS_RTOS_V2/cmsis_os2.o
 .bss.Idle_Stack.10835
                0x000000002000036c      0x200 ./Middlewares/Third_Party/FreeRTOS/Source/CMSIS_RTOS_V2/cmsis_os2.o
 .bss.Timer_TCB.10841
                0x000000002000056c       0xbc ./Middlewares/Third_Party/FreeRTOS/Source/CMSIS_RTOS_V2/cmsis_os2.o
 .bss.Timer_Stack.10842
                0x0000000020000628      0x400 ./Middlewares/Third_Party/FreeRTOS/Source/CMSIS_RTOS_V2/cmsis_os2.o
 .bss.pxCurrentTCB
                0x0000000020000a28        0x4 ./Middlewares/Third_Party/FreeRTOS/Source/tasks.o
                0x0000000020000a28                pxCurrentTCB
 .bss.pxReadyTasksLists
                0x0000000020000a2c      0x460 ./Middlewares/Third_Party/FreeRTOS/Source/tasks.o
 .bss.xDelayedTaskList1
                0x0000000020000e8c       0x14 ./Middlewares/Third_Party/FreeRTOS/Source/tasks.o
 .bss.xDelayedTaskList2
                0x0000000020000ea0       0x14 ./Middlewares/Third_Party/FreeRTOS/Source/tasks.o
 .bss.pxDelayedTaskList
                0x0000000020000eb4        0x4 ./Middlewares/Third_Party/FreeRTOS/Source/tasks.o
 .bss.pxOverflowDelayedTaskList
                0x0000000020000eb8        0x4 ./Middlewares/Third_Party/FreeRTOS/Source/tasks.o
 .bss.xPendingReadyList
                0x0000000020000ebc       0x14 ./Middlewares/Third_Party/FreeRTOS/Source/tasks.o
 .bss.xTasksWaitingTermination
                0x0000000020000ed0       0x14 ./Middlewares/Third_Party/FreeRTOS/Source/tasks.o
 .bss.uxDeletedTasksWaitingCleanUp
                0x0000000020000ee4        0x4 ./Middlewares/Third_Party/FreeRTOS/Source/tasks.o
 .bss.xSuspendedTaskList