main.C:100:16:int _write(int, char*, int)	24	static
main.C:116:5:int main()	8	static
main.C:201:6:void SystemClock_Config()	88	static
main.C:246:13:void MX_I2C1_Init()	8	static
main.C:292:13:void MX_I2C2_Init()	8	static
main.C:338:13:void MX_USART2_UART_Init()	8	static
main.C:385:13:void MX_DMA_Init()	16	static
main.C:407:13:void MX_GPIO_Init()	40	static
main.C:428:6:void HAL_UART_RxCpltCallback(UART_HandleTypeDef*)	16	static
main.C:434:6:void HAL_I2C_MemTxCpltCallback(I2C_HandleTypeDef*)	16	static
main.C:442:6:void HAL_I2C_MemRxCpltCallback(I2C_HandleTypeDef*)	16	static
main.C:458:6:void MenuControl(uint8_t, uint8_t, uint8_t&, uint8_t&)	24	static
main.C:471:6:void StartMainGUITask(void*)	136	static
main.C:554:6:void StartVibrationTask(void*)	24	static
main.C:587:6:void HAL_TIM_PeriodElapsedCallback(TIM_HandleTypeDef*)	16	static
main.C:604:6:void Error_Handler()	4	static,ignoring_inline_asm
main.C:613:1:void __static_initialization_and_destruction_0(int, int)	16	static
main.C:613:1:C)	8	static
main.C:613:1:C)	8	static
